Component: ARM Compiler 5.06 update 5 (build 528) Tool: armlink [4d35e2]

==============================================================================

Section Cross References

    uarttestmain.o(i.Task0) refers to tp_transiver.o(i.tp_receiver) for tp_receiver
    uarttestmain.o(i.Task0) refers to uart.o(i.UART_OutStringLen) for UART_OutStringLen
    uarttestmain.o(i.Task0) refers to uarttestmain.o(.data) for DataLen
    uarttestmain.o(i.Task0) refers to uarttestmain.o(.bss) for DataMain
    uarttestmain.o(i.Task1) refers to tp_transiver.o(i.tp_sender) for tp_sender
    uarttestmain.o(i.Task1) refers to uarttestmain.o(.data) for count1
    uarttestmain.o(i.Task2) refers to uarttestmain.o(.data) for count2
    uarttestmain.o(i.Task3) refers to uarttestmain.o(.data) for count3
    uarttestmain.o(i.Task4) refers to uarttestmain.o(.data) for count4
    uarttestmain.o(i.Task5) refers to uarttestmain.o(.data) for count5
    uarttestmain.o(i.Task6) refers to uarttestmain.o(.data) for count6
    uarttestmain.o(i.main) refers to os.o(i.OS_Init) for OS_Init
    uarttestmain.o(i.main) refers to os.o(i.OS_AddThreads) for OS_AddThreads
    uarttestmain.o(i.main) refers to tp_transiver.o(i.tp_Init) for tp_Init
    uarttestmain.o(i.main) refers to os_cfg.o(i.OS_Clock_GetFreq) for OS_Clock_GetFreq
    uarttestmain.o(i.main) refers to os.o(i.OS_Launch) for OS_Launch
    uarttestmain.o(i.main) refers to uarttestmain.o(i.Task6) for Task6
    uarttestmain.o(i.main) refers to uarttestmain.o(i.Task5) for Task5
    uarttestmain.o(i.main) refers to uarttestmain.o(i.Task4) for Task4
    uarttestmain.o(i.main) refers to uarttestmain.o(i.Task3) for Task3
    uarttestmain.o(i.main) refers to uarttestmain.o(i.Task2) for Task2
    uarttestmain.o(i.main) refers to uarttestmain.o(i.Task1) for Task1
    uarttestmain.o(i.main) refers to uarttestmain.o(i.Task0) for Task0
    tp_transiver.o(i.Check_Frame_type) refers to uart.o(i.uart_tpRecevFrame) for uart_tpRecevFrame
    tp_transiver.o(i.Check_Frame_type) refers to tp_transiver.o(.data) for InFrame
    tp_transiver.o(i.TP_Receiver_TX_RX_Handler) refers to uart.o(i.copySoftwareToHardware) for copySoftwareToHardware
    tp_transiver.o(i.TP_Receiver_TX_RX_Handler) refers to fifo_modi.o(i.TxFifo_Size) for TxFifo_Size
    tp_transiver.o(i.TP_Receiver_TX_RX_Handler) refers to uart.o(i.copyHardwareToSoftware) for copyHardwareToSoftware
    tp_transiver.o(i.TP_Receiver_TX_RX_Handler) refers to os.o(i.OS_Signal) for OS_Signal
    tp_transiver.o(i.TP_Receiver_TX_RX_Handler) refers to tp_transiver.o(.data) for NewReceData
    tp_transiver.o(i.TP_Sender_TX_RX_Handler) refers to uart.o(i.copySoftwareToHardware) for copySoftwareToHardware
    tp_transiver.o(i.TP_Sender_TX_RX_Handler) refers to fifo_modi.o(i.TxFifo_Size) for TxFifo_Size
    tp_transiver.o(i.TP_Sender_TX_RX_Handler) refers to uart.o(i.copyHardwareToSoftware) for copyHardwareToSoftware
    tp_transiver.o(i.TP_Sender_TX_RX_Handler) refers to os.o(i.OS_Signal) for OS_Signal
    tp_transiver.o(i.TP_Sender_TX_RX_Handler) refers to tp_transiver.o(.data) for NewSwData
    tp_transiver.o(i.TP_UART_Default_Interrupt_Task) refers to uart.o(i.copySoftwareToHardware) for copySoftwareToHardware
    tp_transiver.o(i.TP_UART_Default_Interrupt_Task) refers to fifo_modi.o(i.TxFifo_Size) for TxFifo_Size
    tp_transiver.o(i.generate_BS_decision) refers to tp_transiver.o(.data) for count
    tp_transiver.o(i.send_Control_Frame) refers to uart.o(i.uart_tpSendFrame) for uart_tpSendFrame
    tp_transiver.o(i.send_cons_frame) refers to uart.o(i.uart_tpSendFrame) for uart_tpSendFrame
    tp_transiver.o(i.send_cons_frame) refers to os.o(i.OS_Sleep) for OS_Sleep
    tp_transiver.o(i.send_cons_frame) refers to tp_transiver.o(.data) for currentDataposition
    tp_transiver.o(i.send_first_frame) refers to uart.o(i.uart_tpSendFrame) for uart_tpSendFrame
    tp_transiver.o(i.send_first_frame) refers to tp_transiver.o(.data) for currentDataposition
    tp_transiver.o(i.send_single_frame) refers to uart.o(i.uart_tpSendFrame) for uart_tpSendFrame
    tp_transiver.o(i.tp_Init) refers to os.o(i.OS_InitSemaphore) for OS_InitSemaphore
    tp_transiver.o(i.tp_Init) refers to uart.o(i.UART_Init) for UART_Init
    tp_transiver.o(i.tp_Init) refers to nvicinterrupthandler.o(i.installNIVCISRFunction) for installNIVCISRFunction
    tp_transiver.o(i.tp_Init) refers to tp_transiver.o(.data) for NewSwData
    tp_transiver.o(i.tp_Init) refers to tp_transiver.o(i.TP_UART_Default_Interrupt_Task) for TP_UART_Default_Interrupt_Task
    tp_transiver.o(i.tp_receiver) refers to os.o(i.OS_Wait) for OS_Wait
    tp_transiver.o(i.tp_receiver) refers to nvicinterrupthandler.o(i.installNIVCISRFunction) for installNIVCISRFunction
    tp_transiver.o(i.tp_receiver) refers to tp_transiver.o(i.Check_Frame_type) for Check_Frame_type
[...]
    dfix.o(x$fpl$dfix) refers (Special) to usenofp.o(x$fpl$usenofp) for __I$use$fp
    dfix.o(x$fpl$dfix) refers to dnaninf.o(x$fpl$dnaninf) for __fpl_dnaninf
    dfix.o(x$fpl$dfixr) refers (Special) to usenofp.o(x$fpl$usenofp) for __I$use$fp
    dfix.o(x$fpl$dfixr) refers to dnaninf.o(x$fpl$dnaninf) for __fpl_dnaninf
    dflt_clz.o(x$fpl$dfltu) refers (Special) to usenofp.o(x$fpl$usenofp) for __I$use$fp
    dflt_clz.o(x$fpl$dflt) refers (Special) to usenofp.o(x$fpl$usenofp) for __I$use$fp
    dflt_clz.o(x$fpl$dfltn) refers (Special) to usenofp.o(x$fpl$usenofp) for __I$use$fp
    __rtentry.o(.ARM.Collect$$rtentry$$00000000) refers (Special) to __rtentry2.o(.ARM.Collect$$rtentry$$0000000A) for __rt_entry_li
    __rtentry.o(.ARM.Collect$$rtentry$$00000000) refers (Special) to __rtentry2.o(.ARM.Collect$$rtentry$$0000000D) for __rt_entry_main
    __rtentry.o(.ARM.Collect$$rtentry$$00000000) refers (Special) to __rtentry2.o(.ARM.Collect$$rtentry$$0000000C) for __rt_entry_postli_1
    __rtentry.o(.ARM.Collect$$rtentry$$00000000) refers (Special) to __rtentry2.o(.ARM.Collect$$rtentry$$00000009) for __rt_entry_postsh_1
    __rtentry.o(.ARM.Collect$$rtentry$$00000000) refers (Special) to __rtentry2.o(.ARM.Collect$$rtentry$$00000002) for __rt_entry_presh_1
    __rtentry.o(.ARM.Collect$$rtentry$$00000000) refers (Special) to __rtentry4.o(.ARM.Collect$$rtentry$$00000004) for __rt_entry_sh
    dnaninf.o(x$fpl$dnaninf) refers (Special) to usenofp.o(x$fpl$usenofp) for __I$use$fp
    dretinf.o(x$fpl$dretinf) refers (Special) to usenofp.o(x$fpl$usenofp) for __I$use$fp
    __rtentry2.o(.ARM.Collect$$rtentry$$00000008) refers to boardinit2.o(.text) for _platform_post_stackheap_init
    __rtentry2.o(.ARM.Collect$$rtentry$$0000000A) refers to libinit.o(.ARM.Collect$$libinit$$00000000) for __rt_lib_init
    __rtentry2.o(.ARM.Collect$$rtentry$$0000000B) refers to boardinit3.o(.text) for _platform_post_lib_init
    __rtentry2.o(.ARM.Collect$$rtentry$$0000000D) refers to uarttestmain.o(i.main) for main
    __rtentry2.o(.ARM.Collect$$rtentry$$0000000D) refers to exit.o(.text) for exit
    __rtentry2.o(.ARM.exidx) refers to __rtentry2.o(.ARM.Collect$$rtentry$$00000001) for .ARM.Collect$$rtentry$$00000001
    __rtentry2.o(.ARM.exidx) refers to __rtentry2.o(.ARM.Collect$$rtentry$$00000008) for .ARM.Collect$$rtentry$$00000008
    __rtentry2.o(.ARM.exidx) refers to __rtentry2.o(.ARM.Collect$$rtentry$$0000000A) for .ARM.Collect$$rtentry$$0000000A
    __rtentry2.o(.ARM.exidx) refers to __rtentry2.o(.ARM.Collect$$rtentry$$0000000B) for .ARM.Collect$$rtentry$$0000000B
    __rtentry2.o(.ARM.exidx) refers to __rtentry2.o(.ARM.Collect$$rtentry$$0000000D) for .ARM.Collect$$rtentry$$0000000D
    __rtentry4.o(.ARM.Collect$$rtentry$$00000004) refers to sys_stackheap_outer.o(.text) for __user_setup_stackheap
    __rtentry4.o(.ARM.exidx) refers to __rtentry4.o(.ARM.Collect$$rtentry$$00000004) for .ARM.Collect$$rtentry$$00000004
    sys_stackheap_outer.o(.text) refers to libspace.o(.text) for __user_perproc_libspace
    sys_stackheap_outer.o(.text) refers to startup_tm4c123.o(.text) for __user_initial_stackheap
    exit.o(.text) refers to rtexit.o(.ARM.Collect$$rtexit$$00000000) for __rt_exit
    libinit.o(.ARM.Collect$$libinit$$00000000) refers (Special) to libinit2.o(.ARM.Collect$$libinit$$0000002E) for __rt_lib_init_alloca_1
    libinit.o(.ARM.Collect$$libinit$$00000000) refers (Special) to libinit2.o(.ARM.Collect$$libinit$$0000002C) for __rt_lib_init_argv_1
    libinit.o(.ARM.Collect$$libinit$$00000000) refers (Special) to libinit2.o(.ARM.Collect$$libinit$$0000001B) for __rt_lib_init_atexit_1
    libinit.o(.ARM.Collect$$libinit$$00000000) refers (Special) to libinit2.o(.ARM.Collect$$libinit$$00000021) for __rt_lib_init_clock_1
    libinit.o(.ARM.Collect$$libinit$$00000000) refers (Special) to libinit2.o(.ARM.Collect$$libinit$$00000032) for __rt_lib_init_cpp_1
    libinit.o(.ARM.Collect$$libinit$$00000000) refers (Special) to libinit2.o(.ARM.Collect$$libinit$$00000030) for __rt_lib_init_exceptions_1
    libinit.o(.ARM.Collect$$libinit$$00000000) refers (Special) to libinit2.o(.ARM.Collect$$libinit$$00000001) for __rt_lib_init_fp_1
    libinit.o(.ARM.Collect$$libinit$$00000000) refers (Special) to libinit2.o(.ARM.Collect$$libinit$$0000001F) for __rt_lib_init_fp_trap_1
    libinit.o(.ARM.Collect$$libinit$$00000000) refers (Special) to libinit2.o(.ARM.Collect$$libinit$$00000023) for __rt_lib_init_getenv_1
    libinit.o(.ARM.Collect$$libinit$$00000000) refers (Special) to libinit2.o(.ARM.Collect$$libinit$$0000000A) for __rt_lib_init_heap_1
    libinit.o(.ARM.Collect$$libinit$$00000000) refers (Special) to libinit2.o(.ARM.Collect$$libinit$$00000011) for __rt_lib_init_lc_collate_1
    libinit.o(.ARM.Collect$$libinit$$00000000) refers (Special) to libinit2.o(.ARM.Collect$$libinit$$00000013) for __rt_lib_init_lc_ctype_1
    libinit.o(.ARM.Collect$$libinit$$00000000) refers (Special) to libinit2.o(.ARM.Collect$$libinit$$00000015) for __rt_lib_init_lc_monetary_1
    libinit.o(.ARM.Collect$$libinit$$00000000) refers (Special) to libinit2.o(.ARM.Collect$$libinit$$00000017) for __rt_lib_init_lc_numeric_1
    libinit.o(.ARM.Collect$$libinit$$00000000) refers (Special) to libinit2.o(.ARM.Collect$$libinit$$00000019) for __rt_lib_init_lc_time_1
    libinit.o(.ARM.Collect$$libinit$$00000000) refers (Special) to libinit2.o(.ARM.Collect$$libinit$$00000004) for __rt_lib_init_preinit_1
    libinit.o(.ARM.Collect$$libinit$$00000000) refers (Special) to libinit2.o(.ARM.Collect$$libinit$$0000000E) for __rt_lib_init_rand_1
    libinit.o(.ARM.Collect$$libinit$$00000000) refers (Special) to libinit2.o(.ARM.Collect$$libinit$$00000033) for __rt_lib_init_return
    libinit.o(.ARM.Collect$$libinit$$00000000) refers (Special) to libinit2.o(.ARM.Collect$$libinit$$0000001D) for __rt_lib_init_signal_1
    libinit.o(.ARM.Collect$$libinit$$00000000) refers (Special) to libinit2.o(.ARM.Collect$$libinit$$00000025) for __rt_lib_init_stdio_1
    libinit.o(.ARM.Collect$$libinit$$00000000) refers (Special) to libinit2.o(.ARM.Collect$$libinit$$0000000C) for __rt_lib_init_user_alloc_1
    libspace.o(.text) refers to libspace.o(.bss) for __libspace_start
    rtexit.o(.ARM.Collect$$rtexit$$00000000) refers (Special) to rtexit2.o(.ARM.Collect$$rtexit$$00000004) for __rt_exit_exit
    rtexit.o(.ARM.Collect$$rtexit$$00000000) refers (Special) to rtexit2.o(.ARM.Collect$$rtexit$$00000003) for __rt_exit_ls
    rtexit.o(.ARM.Collect$$rtexit$$00000000) refers (Special) to rtexit2.o(.ARM.Collect$$rtexit$$00000002) for __rt_exit_prels_1
    rtexit.o(.ARM.exidx) refers (Special) to rtexit2.o(.ARM.Collect$$rtexit$$00000004) for __rt_exit_exit
    rtexit.o(.ARM.exidx) refers (Special) to rtexit2.o(.ARM.Collect$$rtexit$$00000003) for __rt_exit_ls
    rtexit.o(.ARM.exidx) refers (Special) to rtexit2.o(.ARM.Collect$$rtexit$$00000002) for __rt_exit_prels_1
    rtexit.o(.ARM.exidx) refers to rtexit.o(.ARM.Collect$$rtexit$$00000000) for .ARM.Collect$$rtexit$$00000000
    libinit2.o(.ARM.Collect$$libinit$$00000001) refers to fpinit.o(x$fpl$fpinit) for _fp_init
    libinit2.o(.ARM.Collect$$libinit$$00000010) refers to libinit2.o(.ARM.Collect$$libinit$$0000000F) for .ARM.Collect$$libinit$$0000000F
    libinit2.o(.ARM.Collect$$libinit$$00000012) refers to libinit2.o(.ARM.Collect$$libinit$$0000000F) for .ARM.Collect$$libinit$$0000000F
    libinit2.o(.ARM.Collect$$libinit$$00000014) refers to libinit2.o(.ARM.Collect$$libinit$$0000000F) for .ARM.Collect$$libinit$$0000000F
    libinit2.o(.ARM.Collect$$libinit$$00000016) refers to libinit2.o(.ARM.Collect$$libinit$$0000000F) for .ARM.Collect$$libinit$$0000000F
    libinit2.o(.ARM.Collect$$libinit$$00000018) refers to libinit2.o(.ARM.Collect$$libinit$$0000000F) for .ARM.Collect$$libinit$$0000000F
    libinit2.o(.ARM.Collect$$libinit$$00000026) refers to argv_veneer.o(.emb_text) for __ARM_argv_veneer
    libinit2.o(.ARM.Collect$$libinit$$00000027) refers to argv_veneer.o(.emb_text) for __ARM_argv_veneer
    rtexit2.o(.ARM.Collect$$rtexit$$00000003) refers to libshutdown.o(.ARM.Collect$$libshutdown$$00000000) for __rt_lib_shutdown
    rtexit2.o(.ARM.Collect$$rtexit$$00000004) refers to sys_exit.o(.text) for _sys_exit
    rtexit2.o(.ARM.exidx) refers to rtexit2.o(.ARM.Collect$$rtexit$$00000001) for .ARM.Collect$$rtexit$$00000001
    rtexit2.o(.ARM.exidx) refers to rtexit2.o(.ARM.Collect$$rtexit$$00000003) for .ARM.Collect$$rtexit$$00000003
    rtexit2.o(.ARM.exidx) refers to rtexit2.o(.ARM.Collect$$rtexit$$00000004) for .ARM.Collect$$rtexit$$00000004
    argv_veneer.o(.emb_text) refers to no_argv.o(.text) for __ARM_get_argv
    sys_exit.o(.text) refers (Special) to use_no_semi.o(.text) for __I$use$semihosting
    sys_exit.o(.text) refers (Special) to indicate_semi.o(.text) for __semihosting_library_function
    _get_argv_nomalloc.o(.text) refers (Special) to hrguard.o(.text) for __heap_region$guard
    _get_argv_nomalloc.o(.text) refers to defsig_rtmem_outer.o(.text) for __rt_SIGRTMEM
    _get_argv_nomalloc.o(.text) refers to sys_command.o(.text) for _sys_command_string
    libshutdown.o(.ARM.Collect$$libshutdown$$00000000) refers (Special) to libshutdown2.o(.ARM.Collect$$libshutdown$$00000002) for __rt_lib_shutdown_cpp_1
    libshutdown.o(.ARM.Collect$$libshutdown$$00000000) refers (Special) to libshutdown2.o(.ARM.Collect$$libshutdown$$00000007) for __rt_lib_shutdown_fp_trap_1
    libshutdown.o(.ARM.Collect$$libshutdown$$00000000) refers (Special) to libshutdown2.o(.ARM.Collect$$libshutdown$$0000000F) for __rt_lib_shutdown_heap_1
    libshutdown.o(.ARM.Collect$$libshutdown$$00000000) refers (Special) to libshutdown2.o(.ARM.Collect$$libshutdown$$00000010) for __rt_lib_shutdown_return
    libshutdown.o(.ARM.Collect$$libshutdown$$00000000) refers (Special) to libshutdown2.o(.ARM.Collect$$libshutdown$$0000000A) for __rt_lib_shutdown_signal_1
    libshutdown.o(.ARM.Collect$$libshutdown$$00000000) refers (Special) to libshutdown2.o(.ARM.Collect$$libshutdown$$00000004) for __rt_lib_shutdown_stdio_1
    libshutdown.o(.ARM.Collect$$libshutdown$$00000000) refers (Special) to libshutdown2.o(.ARM.Collect$$libshutdown$$0000000C) for __rt_lib_shutdown_user_alloc_1
    sys_command.o(.text) refers (Special) to use_no_semi.o(.text) for __I$use$semihosting
    sys_command.o(.text) refers (Special) to indicate_semi.o(.text) for __semihosting_library_function
    defsig_rtmem_outer.o(.text) refers to defsig_rtmem_inner.o(.text) for __rt_SIGRTMEM_inner
    defsig_rtmem_outer.o(.text) refers to defsig_exit.o(.text) for __sig_exit
    defsig_rtmem_formal.o(.text) refers to rt_raise.o(.text) for __rt_raise
    rt_raise.o(.text) refers to __raise.o(.text) for __raise
    rt_raise.o(.text) refers to sys_exit.o(.text) for _sys_exit
    defsig_exit.o(.text) refers to sys_exit.o(.text) for _sys_exit
    defsig_rtmem_inner.o(.text) refers to defsig_general.o(.text) for __default_signal_display
    __raise.o(.text) refers to defsig.o(CL$$defsig) for __default_signal_handler
    defsig_general.o(.text) refers to sys_wrch.o(.text) for _ttywrch
    sys_wrch.o(.text) refers (Special) to use_no_semi.o(.text) for __I$use$semihosting
    sys_wrch.o(.text) refers (Special) to indicate_semi.o(.text) for __semihosting_library_function
    defsig.o(CL$$defsig) refers to defsig_rtmem_inner.o(.text) for __rt_SIGRTMEM_inner
    defsig_abrt_inner.o(.text) refers to defsig_general.o(.text) for __default_signal_display
    defsig_fpe_inner.o(.text) refers to defsig_general.o(.text) for __default_signal_display
    defsig_rtred_inner.o(.text) refers to defsig_general.o(.text) for __default_signal_display
    defsig_stak_inner.o(.text) refers to defsig_general.o(.text) for __default_signal_display
    defsig_pvfn_inner.o(.text) refers to defsig_general.o(.text) for __default_signal_display
    defsig_cppl_inner.o(.text) refers to defsig_general.o(.text) for __default_signal_display
    defsig_segv_inner.o(.text) refers to defsig_general.o(.text) for __default_signal_display
    defsig_other.o(.text) refers to defsig_general.o(.text) for __default_signal_display


==============================================================================

Removing Unused input sections from the image.

    Removing uarttestmain.o(i.HW_READ_BIT), (16 bytes).
    Removing uarttestmain.o(i.HW_WRITE_BIT), (32 bytes).
    Removing tp_transiver.o(i.HW_READ_BIT), (16 bytes).
    Removing tp_transiver.o(i.HW_WRITE_BIT), (32 bytes).
    Removing nvicinterrupthandler.o(i.HW_READ_BIT), (16 bytes).
    Removing nvicinterrupthandler.o(i.HW_WRITE_BIT), (32 bytes).
    Removing os.o(i.GPIOPortD_Handler), (48 bytes).
    Removing os.o(i.OS_EdgeTrigger_Init), (220 bytes).
    Removing os.o(i.OS_EdgeTrigger_Restart), (28 bytes).
    Removing os.o(i.OS_FIFO_Get), (40 bytes).
    Removing os.o(i.OS_FIFO_Init), (44 bytes).
    Removing os.o(i.OS_FIFO_Put), (76 bytes).
    Removing os.o(i.OS_PeriodTrigger0_Init), (40 bytes).
    Removing os.o(i.OS_PeriodTrigger1_Init), (40 bytes).
    Removing os.o(i.RealTimeEvents), (108 bytes).
    Removing os_cfg.o(i.OS_PeriodicTask_InitB), (188 bytes).
    Removing os_cfg.o(i.OS_PeriodicTask_InitC), (188 bytes).
    Removing os_cfg.o(i.OS_PeriodicTask_Restart), (24 bytes).
    Removing os_cfg.o(i.OS_PeriodicTask_Stop), (24 bytes).
    Removing os_cfg.o(i.OS_PeriodicTask_StopB), (24 bytes).
    Removing os_cfg.o(i.OS_PeriodicTask_StopC), (24 bytes).
    Removing os_cfg.o(i.OS_Time_Get), (16 bytes).
    Removing os_cfg.o(i.OS_Time_Init), (108 bytes).
    Removing pll.o(i.PLL_Init), (124 bytes).
    Removing uart.o(i.UART_Enable_LoopBack), (20 bytes).
    Removing uart.o(i.UART_InString), (58 bytes).
    Removing uart.o(i.UART_InUDec), (64 bytes).
    Removing uart.o(i.UART_InUHex), (96 bytes).
    Removing uart.o(i.UART_OutString), (22 bytes).
    Removing uart.o(i.UART_OutUDec), (42 bytes).
    Removing uart.o(i.UART_OutUHex), (52 bytes).
    Removing uart.o(i.UART_Send_Break), (20 bytes).
    Removing uart.o(i.UART_Stop_Break), (20 bytes).
    Removing system_tm4c123.o(.rev16_text), (4 bytes).
    Removing system_tm4c123.o(.revsh_text), (4 bytes).
    Removing system_tm4c123.o(.rrx_text), (6 bytes).
    Removing system_tm4c123.o(i.SystemCoreClockUpdate), (196 bytes).
    Removing system_tm4c123.o(i.getOscClk), (244 bytes).
    Removing system_tm4c123.o(.data), (4 bytes).

39 unused section(s) (total 2360 bytes) removed from the image.

==============================================================================

Image Symbol Table

    Local Symbols

    Symbol Name                              Value     Ov Type        Size  Object(Section)

    RESET                                    0x00000000   Section      620  startup_tm4c123.o(RESET)
    ../clib/angel/boardlib.s                 0x00000000   Number         0  boardshut.o ABSOLUTE
    ../clib/angel/boardlib.s                 0x00000000   Number         0  boardinit2.o ABSOLUTE
    ../clib/angel/boardlib.s                 0x00000000   Number         0  boardinit1.o ABSOLUTE
    ../clib/angel/boardlib.s                 0x00000000   Number         0  boardinit3.o ABSOLUTE
    ../clib/angel/dczerorl2.s                0x00000000   Number         0  __dczerorl2.o ABSOLUTE
    ../clib/angel/handlers.s                 0x00000000   Number         0  __scatter_zi.o ABSOLUTE
    ../clib/angel/kernel.s                   0x00000000   Number         0  rtexit2.o ABSOLUTE
    ../clib/angel/kernel.s                   0x00000000   Number         0  rtexit.o ABSOLUTE
    ../clib/angel/kernel.s                   0x00000000   Number         0  __rtentry2.o ABSOLUTE
    ../clib/angel/kernel.s                   0x00000000   Number         0  __rtentry4.o ABSOLUTE
    ../clib/angel/kernel.s                   0x00000000   Number         0  __rtentry.o ABSOLUTE
    ../clib/angel/rt.s                       0x00000000   Number         0  rt_raise.o ABSOLUTE
    ../clib/angel/scatter.s                  0x00000000   Number         0  __scatter.o ABSOLUTE
    ../clib/angel/startup.s                  0x00000000   Number         0  __main.o ABSOLUTE
    ../clib/angel/sys.s                      0x00000000   Number         0  indicate_semi.o ABSOLUTE
    ../clib/angel/sys.s                      0x00000000   Number         0  libspace.o ABSOLUTE
    ../clib/angel/sys.s                      0x00000000   Number         0  use_no_semi.o ABSOLUTE
    ../clib/angel/sys.s                      0x00000000   Number         0  sys_stackheap_outer.o ABSOLUTE
    ../clib/angel/sysapp.c                   0x00000000   Number         0  sys_command.o ABSOLUTE
    ../clib/angel/sysapp.c                   0x00000000   Number         0  sys_exit.o ABSOLUTE
    ../clib/angel/sysapp.c                   0x00000000   Number         0  sys_wrch.o ABSOLUTE
    ../clib/armsys.c                         0x00000000   Number         0  no_argv.o ABSOLUTE
    ../clib/armsys.c                         0x00000000   Number         0  _get_argv_nomalloc.o ABSOLUTE
    ../clib/armsys.c                         0x00000000   Number         0  argv_veneer.o ABSOLUTE
    ../clib/armsys.c                         0x00000000   Number         0  argv_veneer.o ABSOLUTE
    ../clib/heapalloc.c                      0x00000000   Number         0  hrguard.o ABSOLUTE
    ../clib/heapaux.c                        0x00000000   Number         0  heapauxi.o ABSOLUTE
    ../clib/libinit.s                        0x00000000   Number         0  libshutdown2.o ABSOLUTE
    ../clib/libinit.s                        0x00000000   Number         0  libinit.o ABSOLUTE
    ../clib/libinit.s                        0x00000000   Number         0  libshutdown.o ABSOLUTE
    ../clib/libinit.s                        0x00000000   Number         0  libinit2.o ABSOLUTE
    ../clib/signal.c                         0x00000000   Number         0  defsig_exit.o ABSOLUTE
    ../clib/signal.c                         0x00000000   Number         0  defsig_general.o ABSOLUTE
    ../clib/signal.c                         0x00000000   Number         0  defsig_abrt_inner.o ABSOLUTE
    ../clib/signal.c                         0x00000000   Number         0  defsig_rtmem_outer.o ABSOLUTE
    ../clib/signal.c                         0x00000000   Number         0  defsig_rtred_inner.o ABSOLUTE
    ../clib/signal.c                         0x00000000   Number         0  defsig_stak_inner.o ABSOLUTE
    ../clib/signal.c                         0x00000000   Number         0  defsig_pvfn_inner.o ABSOLUTE
    ../clib/signal.c                         0x00000000   Number         0  defsig_cppl_inner.o ABSOLUTE
    ../clib/signal.c                         0x00000000   Number         0  defsig_segv_inner.o ABSOLUTE
    ../clib/signal.c                         0x00000000   Number         0  __raise.o ABSOLUTE
    ../clib/signal.c                         0x00000000   Number         0  defsig_other.o ABSOLUTE
    ../clib/signal.c                         0x00000000   Number         0  defsig_rtmem_formal.o ABSOLUTE
    ../clib/signal.c                         0x00000000   Number         0  defsig_fpe_inner.o ABSOLUTE
    ../clib/signal.c                         0x00000000   Number         0  defsig_rtmem_inner.o ABSOLUTE
    ../clib/signal.s                         0x00000000   Number         0  defsig.o ABSOLUTE
    ../clib/stdlib.c                         0x00000000   Number         0  exit.o ABSOLUTE
    ../fplib/daddsub.s                       0x00000000   Number         0  daddsub_clz.o ABSOLUTE
    ../fplib/dfix.s                          0x00000000   Number         0  dfix.o ABSOLUTE
    ../fplib/dflt.s                          0x00000000   Number         0  dflt_clz.o ABSOLUTE
    ../fplib/dnaninf.s                       0x00000000   Number         0  dnaninf.o ABSOLUTE
    ../fplib/dretinf.s                       0x00000000   Number         0  dretinf.o ABSOLUTE
    ../fplib/fpinit.s                        0x00000000   Number         0  fpinit.o ABSOLUTE
    ../fplib/usenofp.s                       0x00000000   Number         0  usenofp.o ABSOLUTE
    CPX\PLL\PLL.c                            0x00000000   Number         0  pll.o ABSOLUTE
    CPX\UART\FIFO_Modi.c                     0x00000000   Number         0  fifo_modi.o ABSOLUTE
    CPX\UART\UART.c                          0x00000000   Number         0  uart.o ABSOLUTE
    RTE\Device\TM4C123GH6PM\startup_TM4C123.s 0x00000000   Number         0  startup_tm4c123.o ABSOLUTE
    RTE\Device\TM4C123GH6PM\system_TM4C123.c 0x00000000   Number         0  system_tm4c123.o ABSOLUTE
    RTE\\Device\\TM4C123GH6PM\\system_TM4C123.c 0x00000000   Number         0  system_tm4c123.o ABSOLUTE
    SAL\NVICInterruptHandler.c               0x00000000   Number         0  nvicinterrupthandler.o ABSOLUTE
    SAL\tp_transiver.c                       0x00000000   Number         0  tp_transiver.o ABSOLUTE
    UARTTestMain.c                           0x00000000   Number         0  uarttestmain.o ABSOLUTE
    dc.s                                     0x00000000   Number         0  dc.o ABSOLUTE
    os\os.c                                  0x00000000   Number         0  os.o ABSOLUTE
    os\os_cfg.c                              0x00000000   Number         0  os_cfg.o ABSOLUTE
    os\osasm.s                               0x00000000   Number         0  osasm.o ABSOLUTE
    !!!main                                  0x0000026c   Section        8  __main.o(!!!main)
    !!!scatter                               0x00000274   Section       52  __scatter.o(!!!scatter)
    !!dczerorl2                              0x000002a8   Section       90  __dczerorl2.o(!!dczerorl2)
    !!handler_zi                             0x00000304   Section       28  __scatter_zi.o(!!handler_zi)
    .ARM.Collect$$libinit$$00000000          0x00000320   Section        2  libinit.o(.ARM.Collect$$libinit$$00000000)
    .ARM.Collect$$libinit$$00000001          0x00000322   Section        4  libinit2.o(.ARM.Collect$$libinit$$00000001)
    .ARM.Collect$$libinit$$00000004          0x00000326   Section        0  libinit2.o(.ARM.Collect$$libinit$$00000004)
    .ARM.Collect$$libinit$$0000000A          0x00000326   Section        0  libinit2.o(.ARM.Collect$$libinit$$0000000A)
    .ARM.Collect$$libinit$$0000000C          0x00000326   Section        0  libinit2.o(.ARM.Collect$$libinit$$0000000C)
    .ARM.Collect$$libinit$$0000000E          0x00000326   Section        0  libinit2.o(.ARM.Collect$$libinit$$0000000E)
    .ARM.Collect$$libinit$$00000011          0x00000326   Section        0  libinit2.o(.ARM.Collect$$libinit$$00000011)
    .ARM.Collect$$libinit$$00000013          0x00000326   Section        0  libinit2.o(.ARM.Collect$$libinit$$00000013)
    .ARM.Collect$$libinit$$00000015          0x00000326   Section        0  libinit2.o(.ARM.Collect$$libinit$$00000015)
    .ARM.Collect$$libinit$$00000017          0x00000326   Section        0  libinit2.o(.ARM.Collect$$libinit$$00000017)
    .ARM.Collect$$libinit$$00000019          0x00000326   Section        0  libinit2.o(.ARM.Collect$$libinit$$00000019)
    .ARM.Collect$$libinit$$0000001B          0x00000326   Section        0  libinit2.o(.ARM.Collect$$libinit$$0000001B)
    .ARM.Collect$$libinit$$0000001D          0x00000326   Section        0  libinit2.o(.ARM.Collect$$libinit$$0000001D)
    .ARM.Collect$$libinit$$0000001F          0x00000326   Section        0  libinit2.o(.ARM.Collect$$libinit$$0000001F)
    .ARM.Collect$$libinit$$00000021          0x00000326   Section        0  libinit2.o(.ARM.Collect$$libinit$$00000021)
    .ARM.Collect$$libinit$$00000023          0x00000326   Section        0  libinit2.o(.ARM.Collect$$libinit$$00000023)
    .ARM.Collect$$libinit$$00000025          0x00000326   Section        0  libinit2.o(.ARM.Collect$$libinit$$00000025)
    .ARM.Collect$$libinit$$0000002C          0x00000326   Section        0  libinit2.o(.ARM.Collect$$libinit$$0000002C)
    .ARM.Collect$$libinit$$0000002E          0x00000326   Section        0  libinit2.o(.ARM.Collect$$libinit$$0000002E)
    .ARM.Collect$$libinit$$00000030          0x00000326   Section        0  libinit2.o(.ARM.Collect$$libinit$$00000030)
    .ARM.Collect$$libinit$$00000032          0x00000326   Section        0  libinit2.o(.ARM.Collect$$libinit$$00000032)
    .ARM.Collect$$libinit$$00000033          0x00000326   Section        2  libinit2.o(.ARM.Collect$$libinit$$00000033)
    .ARM.Collect$$libshutdown$$00000000      0x00000328   Section        2  libshutdown.o(.ARM.Collect$$libshutdown$$00000000)
    .ARM.Collect$$libshutdown$$00000002      0x0000032a   Section        0  libshutdown2.o(.ARM.Collect$$libshutdown$$00000002)
    .ARM.Collect$$libshutdown$$00000004      0x0000032a   Section        0  libshutdown2.o(.ARM.Collect$$libshutdown$$00000004)
    .ARM.Collect$$libshutdown$$00000007      0x0000032a   Section        0  libshutdown2.o(.ARM.Collect$$libshutdown$$00000007)
    .ARM.Collect$$libshutdown$$0000000A      0x0000032a   Section        0  libshutdown2.o(.ARM.Collect$$libshutdown$$0000000A)
    .ARM.Collect$$libshutdown$$0000000C      0x0000032a   Section        0  libshutdown2.o(.ARM.Collect$$libshutdown$$0000000C)
    .ARM.Collect$$libshutdown$$0000000F      0x0000032a   Section        0  libshutdown2.o(.ARM.Collect$$libshutdown$$0000000F)
    .ARM.Collect$$libshutdown$$00000010      0x0000032a   Section        2  libshutdown2.o(.ARM.Collect$$libshutdown$$00000010)
    .ARM.Collect$$rtentry$$00000000          0x0000032c   Section        0  __rtentry.o(.ARM.Collect$$rtentry$$00000000)
    .ARM.Collect$$rtentry$$00000002          0x0000032c   Section        0  __rtentry2.o(.ARM.Collect$$rtentry$$00000002)
    .ARM.Collect$$rtentry$$00000004          0x0000032c   Section        6  __rtentry4.o(.ARM.Collect$$rtentry$$00000004)
    .ARM.Collect$$rtentry$$00000009          0x00000332   Section        0  __rtentry2.o(.ARM.Collect$$rtentry$$00000009)
    .ARM.Collect$$rtentry$$0000000A          0x00000332   Section        4  __rtentry2.o(.ARM.Collect$$rtentry$$0000000A)
    .ARM.Collect$$rtentry$$0000000C          0x00000336   Section        0  __rtentry2.o(.ARM.Collect$$rtentry$$0000000C)
    .ARM.Collect$$rtentry$$0000000D          0x00000336   Section        8  __rtentry2.o(.ARM.Collect$$rtentry$$0000000D)
    .ARM.Collect$$rtexit$$00000000           0x0000033e   Section        2  rtexit.o(.ARM.Collect$$rtexit$$00000000)
    .ARM.Collect$$rtexit$$00000002           0x00000340   Section        0  rtexit2.o(.ARM.Collect$$rtexit$$00000002)
    .ARM.Collect$$rtexit$$00000003           0x00000340   Section        4  rtexit2.o(.ARM.Collect$$rtexit$$00000003)
    .ARM.Collect$$rtexit$$00000004           0x00000344   Section        6  rtexit2.o(.ARM.Collect$$rtexit$$00000004)
    .text                                    0x0000034c   Section       72  osasm.o(.text)
    $v0                                      0x0000034c   Number         0  osasm.o(.text)
    .text                                    0x00000394   Section      304  startup_tm4c123.o(.text)
    $v0                                      0x00000394   Number         0  startup_tm4c123.o(.text)
    .text                                    0x000004c4   Section        0  heapauxi.o(.text)
    .text                                    0x000004ca   Section       74  sys_stackheap_outer.o(.text)
    .text                                    0x00000514   Section        0  exit.o(.text)
    .text                                    0x00000528   Section        8  libspace.o(.text)
    .text                                    0x00000530   Section        0  sys_exit.o(.text)
    .text                                    0x0000053c   Section        2  use_no_semi.o(.text)
    .text                                    0x0000053e   Section        0  indicate_semi.o(.text)
    i.Check_Frame_type                       0x00000540   Section        0  tp_transiver.o(i.Check_Frame_type)
    Check_Frame_type                         0x00000541   Thumb Code    56  tp_transiver.o(i.Check_Frame_type)
    i.GPIOA_Handler                          0x0000057c   Section        0  nvicinterrupthandler.o(i.GPIOA_Handler)
    i.GPIOB_Handler                          0x0000058c   Section        0  nvicinterrupthandler.o(i.GPIOB_Handler)
    i.GPIOC_Handler                          0x0000059c   Section        0  nvicinterrupthandler.o(i.GPIOC_Handler)
    i.GPIOD_Handler                          0x000005ac   Section        0  nvicinterrupthandler.o(i.GPIOD_Handler)
    i.GPIOE_Handler                          0x000005bc   Section        0  nvicinterrupthandler.o(i.GPIOE_Handler)
    i.GPIOF_Handler                          0x000005cc   Section        0  nvicinterrupthandler.o(i.GPIOF_Handler)
    i.Get_remaing_frames_number              0x000005dc   Section        0  tp_transiver.o(i.Get_remaing_frames_number)
    Get_remaing_frames_number                0x000005dd   Thumb Code    26  tp_transiver.o(i.Get_remaing_frames_number)
    i.IntVirDefaultFun                       0x000005f6   Section        0  nvicinterrupthandler.o(i.IntVirDefaultFun)
    i.OS_AddThreads                          0x000005f8   Section        0  os.o(i.OS_AddThreads)
    i.OS_Clock_GetFreq                       0x000006fc   Section        0  os_cfg.o(i.OS_Clock_GetFreq)
    i.OS_Clock_InitFastest                   0x00000708   Section        0  os_cfg.o(i.OS_Clock_InitFastest)
    i.OS_Init                                0x00000794   Section        0  os.o(i.OS_Init)
    i.OS_InitSemaphore                       0x000007c0   Section        0  os.o(i.OS_InitSemaphore)
    i.OS_Launch                              0x000007d4   Section        0  os.o(i.OS_Launch)
    i.OS_PeriodicTask_Init                   0x00000808   Section        0  os_cfg.o(i.OS_PeriodicTask_Init)
    i.OS_Signal                              0x000008c8   Section        0  os.o(i.OS_Signal)
    i.OS_Sleep                               0x000008fc   Section        0  os.o(i.OS_Sleep)
    i.OS_Suspend                             0x00000918   Section        0  os.o(i.OS_Suspend)
    i.OS_Wait                                0x00000930   Section        0  os.o(i.OS_Wait)
    i.RxFifo_Get                             0x0000095c   Section        0  fifo_modi.o(i.RxFifo_Get)
    i.RxFifo_Init                            0x000009a0   Section        0  fifo_modi.o(i.RxFifo_Init)
    i.RxFifo_Put                             0x000009c8   Section        0  fifo_modi.o(i.RxFifo_Put)
    i.RxFifo_Size                            0x00000a00   Section        0  fifo_modi.o(i.RxFifo_Size)
    i.Scheduler                              0x00000a34   Section        0  os.o(i.Scheduler)
    i.SetInitialStack                        0x00000a64   Section        0  os.o(i.SetInitialStack)
    i.SystemInit                             0x00000bb4   Section        0  system_tm4c123.o(i.SystemInit)
    i.TP_Receiver_TX_RX_Handler              0x00000bc8   Section        0  tp_transiver.o(i.TP_Receiver_TX_RX_Handler)
    i.TP_Sender_TX_RX_Handler                0x00000c28   Section        0  tp_transiver.o(i.TP_Sender_TX_RX_Handler)
    i.TP_UART_Default_Interrupt_Task         0x00000c88   Section        0  tp_transiver.o(i.TP_UART_Default_Interrupt_Task)
    i.Task0                                  0x00000cc0   Section        0  uarttestmain.o(i.Task0)
    i.Task1                                  0x00000cf4   Section        0  uarttestmain.o(i.Task1)
    i.Task2                                  0x00000d20   Section        0  uarttestmain.o(i.Task2)
    i.Task3                                  0x00000d34   Section        0  uarttestmain.o(i.Task3)
    i.Task4                                  0x00000d48   Section        0  uarttestmain.o(i.Task4)
    i.Task5                                  0x00000d5c   Section        0  uarttestmain.o(i.Task5)
    i.Task6                                  0x00000d70   Section        0  uarttestmain.o(i.Task6)
    i.TxFifo_Get                             0x00000d84   Section        0  fifo_modi.o(i.TxFifo_Get)
    i.TxFifo_Init                            0x00000dc0   Section        0  fifo_modi.o(i.TxFifo_Init)
    i.TxFifo_Put                             0x00000de4   Section        0  fifo_modi.o(i.TxFifo_Put)
    i.TxFifo_Size                            0x00000e20   Section        0  fifo_modi.o(i.TxFifo_Size)
    i.UART0_Handler                          0x00000e38   Section        0  nvicinterrupthandler.o(i.UART0_Handler)
    i.UART_InChar                            0x00000e48   Section        0  uart.o(i.UART_InChar)
    i.UART_Init                              0x00000e5c   Section        0  uart.o(i.UART_Init)
    i.UART_OutChar                           0x00000f80   Section        0  uart.o(i.UART_OutChar)
    i.UART_OutStringLen                      0x00000fb4   Section        0  uart.o(i.UART_OutStringLen)
    i.WTIMER3A_Handler                       0x00000fd0   Section        0  os_cfg.o(i.WTIMER3A_Handler)
    i.WTIMER4A_Handler                       0x00000fe8   Section        0  os_cfg.o(i.WTIMER4A_Handler)
    i.WTIMER5A_Handler                       0x00001000   Section        0  os_cfg.o(i.WTIMER5A_Handler)
    i.copyHardwareToSoftware                 0x00001018   Section        0  uart.o(i.copyHardwareToSoftware)
    i.copySoftwareToHardware                 0x00001040   Section        0  uart.o(i.copySoftwareToHardware)
    i.deInstallNIVCISRFunction               0x0000106c   Section        0  nvicinterrupthandler.o(i.deInstallNIVCISRFunction)
    i.generate_BS_decision                   0x00001084   Section        0  tp_transiver.o(i.generate_BS_decision)
    generate_BS_decision                     0x00001085   Thumb Code    12  tp_transiver.o(i.generate_BS_decision)
    i.installNIVCISRFunction                 0x00001094   Section        0  nvicinterrupthandler.o(i.installNIVCISRFunction)
    i.main                                   0x000010b0   Section        0  uarttestmain.o(i.main)
    i.runperiodicevents                      0x00001118   Section        0  os.o(i.runperiodicevents)
    runperiodicevents                        0x00001119   Thumb Code    50  os.o(i.runperiodicevents)
    i.send_Control_Frame                     0x00001150   Section        0  tp_transiver.o(i.send_Control_Frame)
    send_Control_Frame                       0x00001151   Thumb Code    46  tp_transiver.o(i.send_Control_Frame)
    i.send_cons_frame                        0x00001180   Section        0  tp_transiver.o(i.send_cons_frame)
    send_cons_frame                          0x00001181   Thumb Code   142  tp_transiver.o(i.send_cons_frame)
    i.send_first_frame                       0x00001218   Section        0  tp_transiver.o(i.send_first_frame)
    send_first_frame                         0x00001219   Thumb Code    52  tp_transiver.o(i.send_first_frame)
    i.send_single_frame                      0x00001250   Section        0  tp_transiver.o(i.send_single_frame)
    send_single_frame                        0x00001251   Thumb Code    40  tp_transiver.o(i.send_single_frame)
    i.tp_Init                                0x00001278   Section        0  tp_transiver.o(i.tp_Init)
    i.tp_receiver                            0x000012b4   Section        0  tp_transiver.o(i.tp_receiver)
    i.tp_sender                              0x000013e0   Section        0  tp_transiver.o(i.tp_sender)
    i.uart_tpRecevFrame                      0x00001484   Section        0  uart.o(i.uart_tpRecevFrame)
    i.uart_tpSendFrame                       0x000014a0   Section        0  uart.o(i.uart_tpSendFrame)
    x$fpl$dadd                               0x000014bc   Section      336  daddsub_clz.o(x$fpl$dadd)
    $v0                                      0x000014bc   Number         0  daddsub_clz.o(x$fpl$dadd)
    _dadd1                                   0x000014cd   Thumb Code     0  daddsub_clz.o(x$fpl$dadd)
    x$fpl$dfix                               0x0000160c   Section       94  dfix.o(x$fpl$dfix)
    $v0                                      0x0000160c   Number         0  dfix.o(x$fpl$dfix)
    x$fpl$dfltu                              0x0000166a   Section       38  dflt_clz.o(x$fpl$dfltu)
    $v0                                      0x0000166a   Number         0  dflt_clz.o(x$fpl$dfltu)
    x$fpl$dnaninf                            0x00001690   Section      156  dnaninf.o(x$fpl$dnaninf)
    $v0                                      0x00001690   Number         0  dnaninf.o(x$fpl$dnaninf)
    x$fpl$dretinf                            0x0000172c   Section       12  dretinf.o(x$fpl$dretinf)
    $v0                                      0x0000172c   Number         0  dretinf.o(x$fpl$dretinf)
    x$fpl$dsub                               0x00001738   Section      468  daddsub_clz.o(x$fpl$dsub)
    $v0                                      0x00001738   Number         0  daddsub_clz.o(x$fpl$dsub)
    _dsub1                                   0x00001749   Thumb Code     0  daddsub_clz.o(x$fpl$dsub)
    x$fpl$fpinit                             0x0000190c   Section       10  fpinit.o(x$fpl$fpinit)
    $v0                                      0x0000190c   Number         0  fpinit.o(x$fpl$fpinit)
    x$fpl$usenofp                            0x00001916   Section        0  usenofp.o(x$fpl$usenofp)
    .data                                    0x20000000   Section       30  uarttestmain.o(.data)
    .data                                    0x20000020   Section       30  tp_transiver.o(.data)
    NewSwData                                0x20000020   Data           4  tp_transiver.o(.data)
    NewReceData                              0x20000024   Data           4  tp_transiver.o(.data)
    Peripheral_Mutex                         0x20000028   Data           4  tp_transiver.o(.data)
    currentDataposition                      0x2000002c   Data           1  tp_transiver.o(.data)
    c_frame_T                                0x2000002d   Data           8  tp_transiver.o(.data)
    InFrame                                  0x20000035   Data           8  tp_transiver.o(.data)
    count                                    0x2000003d   Data           1  tp_transiver.o(.data)
    .data                                    0x20000040   Section      856  nvicinterrupthandler.o(.data)
    .data                                    0x20000398   Section       48  os.o(.data)
    realCount                                0x200003c4   Data           4  os.o(.data)
    .data                                    0x200003c8   Section       16  os_cfg.o(.data)
    ClockFrequency                           0x200003c8   Data           4  os_cfg.o(.data)
    .data                                    0x200003d8   Section       16  fifo_modi.o(.data)
    .bss                                     0x200003e8   Section       40  uarttestmain.o(.bss)
    .bss                                     0x20000410   Section     2954  os.o(.bss)
    .bss                                     0x20000f9a   Section      100  fifo_modi.o(.bss)
    .bss                                     0x20001000   Section       96  libspace.o(.bss)
    HEAP                                     0x20001060   Section        0  startup_tm4c123.o(HEAP)
    STACK                                    0x20001060   Section      768  startup_tm4c123.o(STACK)
    Heap_Mem                                 0x20001060   Data           0  startup_tm4c123.o(HEAP)
    Stack_Mem                                0x20001060   Data         768  startup_tm4c123.o(STACK)
    __initial_sp                             0x20001360   Data           0  startup_tm4c123.o(STACK)

    Global Symbols

    Symbol Name                              Value     Ov Type        Size  Object(Section)

    BuildAttributes$$THM_ISAv4$E$P$D$K$B$S$7EM$VFPi3$EXTD16$VFPS$VFMA$PE$A:L22UL41UL21$X:L11$S22US41US21$IEEE1$IW$USESV6$~STKCKD$USESV7$~SHL$OSPACE$ROPI$EBA8$UX$STANDARDLIB$REQ8$PRES8$EABIv2 0x00000000   Number         0  anon$$obj.o ABSOLUTE
    __ARM_use_no_argv                        0x00000000   Number         0  uarttestmain.o ABSOLUTE
    __Vectors                                0x00000000   Data           4  startup_tm4c123.o(RESET)
    __ARM_exceptions_init                     - Undefined Weak Reference
    __alloca_initialize                       - Undefined Weak Reference
    __arm_preinit_                            - Undefined Weak Reference
    __cpp_initialize__aeabi_                  - Undefined Weak Reference
    __cxa_finalize                            - Undefined Weak Reference
    __rt_locale                               - Undefined Weak Reference
    __sigvec_lookup                           - Undefined Weak Reference
    _atexit_init                              - Undefined Weak Reference
    _call_atexit_fns                          - Undefined Weak Reference
    _clock_init                               - Undefined Weak Reference
    _fp_trap_init                             - Undefined Weak Reference
    _fp_trap_shutdown                         - Undefined Weak Reference
    _get_lc_collate                           - Undefined Weak Reference
    _get_lc_ctype                             - Undefined Weak Reference
    _get_lc_monetary                          - Undefined Weak Reference
    _get_lc_numeric                           - Undefined Weak Reference
    _get_lc_time                              - Undefined Weak Reference
    _getenv_init                              - Undefined Weak Reference
    _handle_redirection                       - Undefined Weak Reference
    _init_alloc                               - Undefined Weak Reference
    _init_user_alloc                          - Undefined Weak Reference
    _initio                                   - Undefined Weak Reference
    _rand_init                                - Undefined Weak Reference
    _signal_finish                            - Undefined Weak Reference
    _signal_init                              - Undefined Weak Reference
    _terminate_alloc                          - Undefined Weak Reference
    _terminate_user_alloc                     - Undefined Weak Reference
    _terminateio                              - Undefined Weak Reference
    __Vectors_End                            0x0000026c   Data           0  startup_tm4c123.o(RESET)
    __Vectors_Size                           0x0000026c   Number         0  startup_tm4c123.o ABSOLUTE
    __main                                   0x0000026d   Thumb Code     8  __main.o(!!!main)
    __scatterload                            0x00000275   Thumb Code     0  __scatter.o(!!!scatter)
    __scatterload_rt2                        0x00000275   Thumb Code    44  __scatter.o(!!!scatter)
    __scatterload_rt2_thumb_only             0x00000275   Thumb Code     0  __scatter.o(!!!scatter)
    __scatterload_null                       0x00000283   Thumb Code     0  __scatter.o(!!!scatter)
    __decompress                             0x000002a9   Thumb Code    90  __dczerorl2.o(!!dczerorl2)
    __decompress1                            0x000002a9   Thumb Code     0  __dczerorl2.o(!!dczerorl2)
    __scatterload_zeroinit                   0x00000305   Thumb Code    28  __scatter_zi.o(!!handler_zi)
    __rt_lib_init                            0x00000321   Thumb Code     0  libinit.o(.ARM.Collect$$libinit$$00000000)
    __rt_lib_init_fp_1                       0x00000323   Thumb Code     0  libinit2.o(.ARM.Collect$$libinit$$00000001)
    __rt_lib_init_alloca_1                   0x00000327   Thumb Code     0  libinit2.o(.ARM.Collect$$libinit$$0000002E)
    __rt_lib_init_argv_1                     0x00000327   Thumb Code     0  libinit2.o(.ARM.Collect$$libinit$$0000002C)
    __rt_lib_init_atexit_1                   0x00000327   Thumb Code     0  libinit2.o(.ARM.Collect$$libinit$$0000001B)
    __rt_lib_init_clock_1                    0x00000327   Thumb Code     0  libinit2.o(.ARM.Collect$$libinit$$00000021)
    __rt_lib_init_cpp_1                      0x00000327   Thumb Code     0  libinit2.o(.ARM.Collect$$libinit$$00000032)
    __rt_lib_init_exceptions_1               0x00000327   Thumb Code     0  libinit2.o(.ARM.Collect$$libinit$$00000030)
    __rt_lib_init_fp_trap_1                  0x00000327   Thumb Code     0  libinit2.o(.ARM.Collect$$libinit$$0000001F)
    __rt_lib_init_getenv_1                   0x00000327   Thumb Code     0  libinit2.o(.ARM.Collect$$libinit$$00000023)
    __rt_lib_init_heap_1                     0x00000327   Thumb Code     0  libinit2.o(.ARM.Collect$$libinit$$0000000A)
    __rt_lib_init_lc_collate_1               0x00000327   Thumb Code     0  libinit2.o(.ARM.Collect$$libinit$$00000011)
    __rt_lib_init_lc_ctype_1                 0x00000327   Thumb Code     0  libinit2.o(.ARM.Collect$$libinit$$00000013)
    __rt_lib_init_lc_monetary_1              0x00000327   Thumb Code     0  libinit2.o(.ARM.Collect$$libinit$$00000015)
    __rt_lib_init_lc_numeric_1               0x00000327   Thumb Code     0  libinit2.o(.ARM.Collect$$libinit$$00000017)
    __rt_lib_init_lc_time_1                  0x00000327   Thumb Code     0  libinit2.o(.ARM.Collect$$libinit$$00000019)
    __rt_lib_init_preinit_1                  0x00000327   Thumb Code     0  libinit2.o(.ARM.Collect$$libinit$$00000004)
    __rt_lib_init_rand_1                     0x00000327   Thumb Code     0  libinit2.o(.ARM.Collect$$libinit$$0000000E)
    __rt_lib_init_return                     0x00000327   Thumb Code     0  libinit2.o(.ARM.Collect$$libinit$$00000033)
    __rt_lib_init_signal_1                   0x00000327   Thumb Code     0  libinit2.o(.ARM.Collect$$libinit$$0000001D)
    __rt_lib_init_stdio_1                    0x00000327   Thumb Code     0  libinit2.o(.ARM.Collect$$libinit$$00000025)
    __rt_lib_init_user_alloc_1               0x00000327   Thumb Code     0  libinit2.o(.ARM.Collect$$libinit$$0000000C)
    __rt_lib_shutdown                        0x00000329   Thumb Code     0  libshutdown.o(.ARM.Collect$$libshutdown$$00000000)
    __rt_lib_shutdown_cpp_1                  0x0000032b   Thumb Code     0  libshutdown2.o(.ARM.Collect$$libshutdown$$00000002)
    __rt_lib_shutdown_fp_trap_1              0x0000032b   Thumb Code     0  libshutdown2.o(.ARM.Collect$$libshutdown$$00000007)
    __rt_lib_shutdown_heap_1                 0x0000032b   Thumb Code     0  libshutdown2.o(.ARM.Collect$$libshutdown$$0000000F)
    __rt_lib_shutdown_return                 0x0000032b   Thumb Code     0  libshutdown2.o(.ARM.Collect$$libshutdown$$00000010)
    __rt_lib_shutdown_signal_1               0x0000032b   Thumb Code     0  libshutdown2.o(.ARM.Collect$$libshutdown$$0000000A)
    __rt_lib_shutdown_stdio_1                0x0000032b   Thumb Code     0  libshutdown2.o(.ARM.Collect$$libshutdown$$00000004)
    __rt_lib_shutdown_user_alloc_1           0x0000032b   Thumb Code     0  libshutdown2.o(.ARM.Collect$$libshutdown$$0000000C)
    __rt_entry                               0x0000032d   Thumb Code     0  __rtentry.o(.ARM.Collect$$rtentry$$00000000)
    __rt_entry_presh_1                       0x0000032d   Thumb Code     0  __rtentry2.o(.ARM.Collect$$rtentry$$00000002)
    __rt_entry_sh                            0x0000032d   Thumb Code     0  __rtentry4.o(.ARM.Collect$$rtentry$$00000004)
    __rt_entry_li                            0x00000333   Thumb Code     0  __rtentry2.o(.ARM.Collect$$rtentry$$0000000A)
    __rt_entry_postsh_1                      0x00000333   Thumb Code     0  __rtentry2.o(.ARM.Collect$$rtentry$$00000009)
    __rt_entry_main                          0x00000337   Thumb Code     0  __rtentry2.o(.ARM.Collect$$rtentry$$0000000D)
    __rt_entry_postli_1                      0x00000337   Thumb Code     0  __rtentry2.o(.ARM.Collect$$rtentry$$0000000C)
    __rt_exit                                0x0000033f   Thumb Code     0  rtexit.o(.ARM.Collect$$rtexit$$00000000)
    __rt_exit_ls                             0x00000341   Thumb Code     0  rtexit2.o(.ARM.Collect$$rtexit$$00000003)
    __rt_exit_prels_1                        0x00000341   Thumb Code     0  rtexit2.o(.ARM.Collect$$rtexit$$00000002)
    __rt_exit_exit                           0x00000345   Thumb Code     0  rtexit2.o(.ARM.Collect$$rtexit$$00000004)
    SysTick_Handler                          0x0000034d   Thumb Code     0  osasm.o(.text)
    StartOS                                  0x00000373   Thumb Code     0  osasm.o(.text)
    Reset_Handler                            0x00000395   Thumb Code     8  startup_tm4c123.o(.text)
    NMI_Handler                              0x0000039d   Thumb Code     2  startup_tm4c123.o(.text)
    HardFault_Handler                        0x0000039f   Thumb Code     2  startup_tm4c123.o(.text)
    MemManage_Handler                        0x000003a1   Thumb Code     2  startup_tm4c123.o(.text)
    BusFault_Handler                         0x000003a3   Thumb Code     2  startup_tm4c123.o(.text)
    UsageFault_Handler                       0x000003a5   Thumb Code     2  startup_tm4c123.o(.text)
    SVC_Handler                              0x000003a7   Thumb Code     2  startup_tm4c123.o(.text)
    DebugMon_Handler                         0x000003a9   Thumb Code     2  startup_tm4c123.o(.text)
    PendSV_Handler                           0x000003ab   Thumb Code     2  startup_tm4c123.o(.text)
    UART1_Handler                            0x000003bb   Thumb Code     2  startup_tm4c123.o(.text)
    SSI0_Handler                             0x000003bd   Thumb Code     2  startup_tm4c123.o(.text)
    I2C0_Handler                             0x000003bf   Thumb Code     2  startup_tm4c123.o(.text)
    PMW0_FAULT_Handler                       0x000003c1   Thumb Code     2  startup_tm4c123.o(.text)
    PWM0_0_Handler                           0x000003c3   Thumb Code     2  startup_tm4c123.o(.text)
    PWM0_1_Handler                           0x000003c5   Thumb Code     2  startup_tm4c123.o(.text)
    PWM0_2_Handler                           0x000003c7   Thumb Code     2  startup_tm4c123.o(.text)
    QEI0_Handler                             0x000003c9   Thumb Code     2  startup_tm4c123.o(.text)
    ADC0SS0_Handler                          0x000003cb   Thumb Code     2  startup_tm4c123.o(.text)
    ADC0SS1_Handler                          0x000003cd   Thumb Code     2  startup_tm4c123.o(.text)
    ADC0SS2_Handler                          0x000003cf   Thumb Code     2  startup_tm4c123.o(.text)
    ADC0SS3_Handler                          0x000003d1   Thumb Code     2  startup_tm4c123.o(.text)
    WDT0_Handler                             0x000003d3   Thumb Code     2  startup_tm4c123.o(.text)
    TIMER0A_Handler                          0x000003d5   Thumb Code     2  startup_tm4c123.o(.text)
    TIMER0B_Handler                          0x000003d7   Thumb Code     2  startup_tm4c123.o(.text)
    TIMER1A_Handler                          0x000003d9   Thumb Code     2  startup_tm4c123.o(.text)
    TIMER1B_Handler                          0x000003db   Thumb Code     2  startup_tm4c123.o(.text)
    TIMER2A_Handler                          0x000003dd   Thumb Code     2  startup_tm4c123.o(.text)
    TIMER2B_Handler                          0x000003df   Thumb Code     2  startup_tm4c123.o(.text)
    COMP0_Handler                            0x000003e1   Thumb Code     2  startup_tm4c123.o(.text)
    COMP1_Handler                            0x000003e3   Thumb Code     2  startup_tm4c123.o(.text)
    COMP2_Handler                            0x000003e5   Thumb Code     2  startup_tm4c123.o(.text)
    SYSCTL_Handler                           0x000003e7   Thumb Code     2  startup_tm4c123.o(.text)
    FLASH_Handler                            0x000003e9   Thumb Code     2  startup_tm4c123.o(.text)
    GPIOG_Handler                            0x000003ed   Thumb Code     2  startup_tm4c123.o(.text)
    GPIOH_Handler                            0x000003ef   Thumb Code     2  startup_tm4c123.o(.text)
    UART2_Handler                            0x000003f1   Thumb Code     2  startup_tm4c123.o(.text)
    SSI1_Handler                             0x000003f3   Thumb Code     2  startup_tm4c123.o(.text)
    TIMER3A_Handler                          0x000003f5   Thumb Code     2  startup_tm4c123.o(.text)
    TIMER3B_Handler                          0x000003f7   Thumb Code     2  startup_tm4c123.o(.text)
    I2C1_Handler                             0x000003f9   Thumb Code     2  startup_tm4c123.o(.text)
    QEI1_Handler                             0x000003fb   Thumb Code     2  startup_tm4c123.o(.text)
    CAN0_Handler                             0x000003fd   Thumb Code     2  startup_tm4c123.o(.text)
    CAN1_Handler                             0x000003ff   Thumb Code     2  startup_tm4c123.o(.text)
    CAN2_Handler                             0x00000401   Thumb Code     2  startup_tm4c123.o(.text)
    HIB_Handler                              0x00000403   Thumb Code     2  startup_tm4c123.o(.text)
    USB0_Handler                             0x00000405   Thumb Code     2  startup_tm4c123.o(.text)
    PWM0_3_Handler                           0x00000407   Thumb Code     2  startup_tm4c123.o(.text)
    UDMA_Handler                             0x00000409   Thumb Code     2  startup_tm4c123.o(.text)
    UDMAERR_Handler                          0x0000040b   Thumb Code     2  startup_tm4c123.o(.text)
    ADC1SS0_Handler                          0x0000040d   Thumb Code     2  startup_tm4c123.o(.text)
    ADC1SS1_Handler                          0x0000040f   Thumb Code     2  startup_tm4c123.o(.text)
    ADC1SS2_Handler                          0x00000411   Thumb Code     2  startup_tm4c123.o(.text)
    ADC1SS3_Handler                          0x00000413   Thumb Code     2  startup_tm4c123.o(.text)
    GPIOJ_Handler                            0x00000415   Thumb Code     2  startup_tm4c123.o(.text)
    GPIOK_Handler                            0x00000417   Thumb Code     2  startup_tm4c123.o(.text)
    GPIOL_Handler                            0x00000419   Thumb Code     2  startup_tm4c123.o(.text)
    SSI2_Handler                             0x0000041b   Thumb Code     2  startup_tm4c123.o(.text)
    SSI3_Handler                             0x0000041d   Thumb Code     2  startup_tm4c123.o(.text)
    UART3_Handler                            0x0000041f   Thumb Code     2  startup_tm4c123.o(.text)
    UART4_Handler                            0x00000421   Thumb Code     2  startup_tm4c123.o(.text)
    UART5_Handler                            0x00000423   Thumb Code     2  startup_tm4c123.o(.text)
    UART6_Handler                            0x00000425   Thumb Code     2  startup_tm4c123.o(.text)
    UART7_Handler                            0x00000427   Thumb Code     2  startup_tm4c123.o(.text)
    I2C2_Handler                             0x00000429   Thumb Code     2  startup_tm4c123.o(.text)
    I2C3_Handler                             0x0000042b   Thumb Code     2  startup_tm4c123.o(.text)
    TIMER4A_Handler                          0x0000042d   Thumb Code     2  startup_tm4c123.o(.text)
    TIMER4B_Handler                          0x0000042f   Thumb Code     2  startup_tm4c123.o(.text)
    TIMER5A_Handler                          0x00000431   Thumb Code     2  startup_tm4c123.o(.text)
    TIMER5B_Handler                          0x00000433   Thumb Code     2  startup_tm4c123.o(.text)
    WTIMER0A_Handler                         0x00000435   Thumb Code     2  startup_tm4c123.o(.text)
    WTIMER0B_Handler                         0x00000437   Thumb Code     2  startup_tm4c123.o(.text)
    WTIMER1A_Handler                         0x00000439   Thumb Code     2  startup_tm4c123.o(.text)
    WTIMER1B_Handler                         0x0000043b   Thumb Code     2  startup_tm4c123.o(.text)
    WTIMER2A_Handler                         0x0000043d   Thumb Code     2  startup_tm4c123.o(.text)
    WTIMER2B_Handler                         0x0000043f   Thumb Code     2  startup_tm4c123.o(.text)
    WTIMER3B_Handler                         0x00000443   Thumb Code     2  startup_tm4c123.o(.text)
    WTIMER4B_Handler                         0x00000447   Thumb Code     2  startup_tm4c123.o(.text)
    WTIMER5B_Handler                         0x0000044b   Thumb Code     2  startup_tm4c123.o(.text)
    FPU_Handler                              0x0000044d   Thumb Code     2  startup_tm4c123.o(.text)
    I2C4_Handler                             0x0000044f   Thumb Code     2  startup_tm4c123.o(.text)
    I2C5_Handler                             0x00000451   Thumb Code     2  startup_tm4c123.o(.text)
    GPIOM_Handler                            0x00000453   Thumb Code     2  startup_tm4c123.o(.text)
    GPION_Handler                            0x00000455   Thumb Code     2  startup_tm4c123.o(.text)
    QEI2_Handler                             0x00000457   Thumb Code     2  startup_tm4c123.o(.text)
    GPIOP0_Handler                           0x00000459   Thumb Code     2  startup_tm4c123.o(.text)
    GPIOP1_Handler                           0x0000045b   Thumb Code     2  startup_tm4c123.o(.text)
    GPIOP2_Handler                           0x0000045d   Thumb Code     2  startup_tm4c123.o(.text)
    GPIOP3_Handler                           0x0000045f   Thumb Code     2  startup_tm4c123.o(.text)
    GPIOP4_Handler                           0x00000461   Thumb Code     2  startup_tm4c123.o(.text)
    GPIOP5_Handler                           0x00000463   Thumb Code     2  startup_tm4c123.o(.text)
    GPIOP6_Handler                           0x00000465   Thumb Code     2  startup_tm4c123.o(.text)
    GPIOP7_Handler                           0x00000467   Thumb Code     2  startup_tm4c123.o(.text)
    GPIOQ0_Handler                           0x00000469   Thumb Code     2  startup_tm4c123.o(.text)
    GPIOQ1_Handler                           0x0000046b   Thumb Code     2  startup_tm4c123.o(.text)
    GPIOQ2_Handler                           0x0000046d   Thumb Code     2  startup_tm4c123.o(.text)
    GPIOQ3_Handler                           0x0000046f   Thumb Code     2  startup_tm4c123.o(.text)
    GPIOQ4_Handler                           0x00000471   Thumb Code     2  startup_tm4c123.o(.text)
    GPIOQ5_Handler                           0x00000473   Thumb Code     2  startup_tm4c123.o(.text)
    GPIOQ6_Handler                           0x00000475   Thumb Code     2  startup_tm4c123.o(.text)
    GPIOQ7_Handler                           0x00000477   Thumb Code     2  startup_tm4c123.o(.text)
    GPIOR_Handler                            0x00000479   Thumb Code     2  startup_tm4c123.o(.text)
    GPIOS_Handler                            0x0000047b   Thumb Code     2  startup_tm4c123.o(.text)
    PMW1_0_Handler                           0x0000047d   Thumb Code     2  startup_tm4c123.o(.text)
    PWM1_1_Handler                           0x0000047f   Thumb Code     2  startup_tm4c123.o(.text)
    PWM1_2_Handler                           0x00000481   Thumb Code     2  startup_tm4c123.o(.text)
    PWM1_3_Handler                           0x00000483   Thumb Code     2  startup_tm4c123.o(.text)
    PWM1_FAULT_Handler                       0x00000485   Thumb Code     2  startup_tm4c123.o(.text)
    __user_initial_stackheap                 0x00000489   Thumb Code     0  startup_tm4c123.o(.text)
    DisableInterrupts                        0x00000495   Thumb Code     0  startup_tm4c123.o(.text)
    EnableInterrupts                         0x00000499   Thumb Code     0  startup_tm4c123.o(.text)
    StartCritical                            0x0000049d   Thumb Code     0  startup_tm4c123.o(.text)
    EndCritical                              0x000004a5   Thumb Code     0  startup_tm4c123.o(.text)
    WaitForInterrupt                         0x000004ab   Thumb Code     0  startup_tm4c123.o(.text)
    __use_two_region_memory                  0x000004c5   Thumb Code     2  heapauxi.o(.text)
    __rt_heap_escrow$2region                 0x000004c7   Thumb Code     2  heapauxi.o(.text)
    __rt_heap_expand$2region                 0x000004c9   Thumb Code     2  heapauxi.o(.text)
    __user_setup_stackheap                   0x000004cb   Thumb Code    74  sys_stackheap_outer.o(.text)
    exit                                     0x00000515   Thumb Code    18  exit.o(.text)
    __user_libspace                          0x00000529   Thumb Code     8  libspace.o(.text)
    __user_perproc_libspace                  0x00000529   Thumb Code     0  libspace.o(.text)
    __user_perthread_libspace                0x00000529   Thumb Code     0  libspace.o(.text)
    _sys_exit                                0x00000531   Thumb Code     8  sys_exit.o(.text)
    __I$use$semihosting                      0x0000053d   Thumb Code     0  use_no_semi.o(.text)
    __use_no_semihosting_swi                 0x0000053d   Thumb Code     2  use_no_semi.o(.text)
    __semihosting_library_function           0x0000053f   Thumb Code     0  indicate_semi.o(.text)
    GPIOA_Handler                            0x0000057d   Thumb Code    10  nvicinterrupthandler.o(i.GPIOA_Handler)
    GPIOB_Handler                            0x0000058d   Thumb Code    10  nvicinterrupthandler.o(i.GPIOB_Handler)
    GPIOC_Handler                            0x0000059d   Thumb Code    10  nvicinterrupthandler.o(i.GPIOC_Handler)
    GPIOD_Handler                            0x000005ad   Thumb Code    10  nvicinterrupthandler.o(i.GPIOD_Handler)
    GPIOE_Handler                            0x000005bd   Thumb Code    10  nvicinterrupthandler.o(i.GPIOE_Handler)
    GPIOF_Handler                            0x000005cd   Thumb Code    10  nvicinterrupthandler.o(i.GPIOF_Handler)
    IntVirDefaultFun                         0x000005f7   Thumb Code     2  nvicinterrupthandler.o(i.IntVirDefaultFun)
    OS_AddThreads                            0x000005f9   Thumb Code   246  os.o(i.OS_AddThreads)
    OS_Clock_GetFreq                         0x000006fd   Thumb Code     6  os_cfg.o(i.OS_Clock_GetFreq)
    OS_Clock_InitFastest                     0x00000709   Thumb Code   126  os_cfg.o(i.OS_Clock_InitFastest)
    OS_Init                                  0x00000795   Thumb Code    34  os.o(i.OS_Init)
    OS_InitSemaphore                         0x000007c1   Thumb Code    18  os.o(i.OS_InitSemaphore)
    OS_Launch                                0x000007d5   Thumb Code    48  os.o(i.OS_Launch)
    OS_PeriodicTask_Init                     0x00000809   Thumb Code   162  os_cfg.o(i.OS_PeriodicTask_Init)
    OS_Signal                                0x000008c9   Thumb Code    46  os.o(i.OS_Signal)
    OS_Sleep                                 0x000008fd   Thumb Code    24  os.o(i.OS_Sleep)
    OS_Suspend                               0x00000919   Thumb Code    18  os.o(i.OS_Suspend)
    OS_Wait                                  0x00000931   Thumb Code    40  os.o(i.OS_Wait)
    RxFifo_Get                               0x0000095d   Thumb Code    56  fifo_modi.o(i.RxFifo_Get)
    RxFifo_Init                              0x000009a1   Thumb Code    26  fifo_modi.o(i.RxFifo_Init)
    RxFifo_Put                               0x000009c9   Thumb Code    44  fifo_modi.o(i.RxFifo_Put)
    RxFifo_Size                              0x00000a01   Thumb Code    42  fifo_modi.o(i.RxFifo_Size)
    Scheduler                                0x00000a35   Thumb Code    42  os.o(i.Scheduler)
    SetInitialStack                          0x00000a65   Thumb Code   328  os.o(i.SetInitialStack)
    SystemInit                               0x00000bb5   Thumb Code    14  system_tm4c123.o(i.SystemInit)
    TP_Receiver_TX_RX_Handler                0x00000bc9   Thumb Code    88  tp_transiver.o(i.TP_Receiver_TX_RX_Handler)
    TP_Sender_TX_RX_Handler                  0x00000c29   Thumb Code    88  tp_transiver.o(i.TP_Sender_TX_RX_Handler)
    TP_UART_Default_Interrupt_Task           0x00000c89   Thumb Code    52  tp_transiver.o(i.TP_UART_Default_Interrupt_Task)
    Task0                                    0x00000cc1   Thumb Code    38  uarttestmain.o(i.Task0)
    Task1                                    0x00000cf5   Thumb Code    22  uarttestmain.o(i.Task1)
    Task2                                    0x00000d21   Thumb Code    14  uarttestmain.o(i.Task2)
    Task3                                    0x00000d35   Thumb Code    14  uarttestmain.o(i.Task3)
    Task4                                    0x00000d49   Thumb Code    14  uarttestmain.o(i.Task4)
    Task5                                    0x00000d5d   Thumb Code    14  uarttestmain.o(i.Task5)
    Task6                                    0x00000d71   Thumb Code    14  uarttestmain.o(i.Task6)
    TxFifo_Get                               0x00000d85   Thumb Code    46  fifo_modi.o(i.TxFifo_Get)
    TxFifo_Init                              0x00000dc1   Thumb Code    26  fifo_modi.o(i.TxFifo_Init)
    TxFifo_Put                               0x00000de5   Thumb Code    48  fifo_modi.o(i.TxFifo_Put)
    TxFifo_Size                              0x00000e21   Thumb Code    14  fifo_modi.o(i.TxFifo_Size)
    UART0_Handler                            0x00000e39   Thumb Code    10  nvicinterrupthandler.o(i.UART0_Handler)
    UART_InChar                              0x00000e49   Thumb Code    20  uart.o(i.UART_InChar)
    UART_Init                                0x00000e5d   Thumb Code   256  uart.o(i.UART_Init)
    UART_OutChar                             0x00000f81   Thumb Code    46  uart.o(i.UART_OutChar)
    UART_OutStringLen                        0x00000fb5   Thumb Code    26  uart.o(i.UART_OutStringLen)
    WTIMER3A_Handler                         0x00000fd1   Thumb Code    16  os_cfg.o(i.WTIMER3A_Handler)
    WTIMER4A_Handler                         0x00000fe9   Thumb Code    16  os_cfg.o(i.WTIMER4A_Handler)
    WTIMER5A_Handler                         0x00001001   Thumb Code    16  os_cfg.o(i.WTIMER5A_Handler)
    copyHardwareToSoftware                   0x00001019   Thumb Code    36  uart.o(i.copyHardwareToSoftware)
    copySoftwareToHardware                   0x00001041   Thumb Code    38  uart.o(i.copySoftwareToHardware)
    deInstallNIVCISRFunction                 0x0000106d   Thumb Code    14  nvicinterrupthandler.o(i.deInstallNIVCISRFunction)
    installNIVCISRFunction                   0x00001095   Thumb Code    20  nvicinterrupthandler.o(i.installNIVCISRFunction)
    main                                     0x000010b1   Thumb Code    76  uarttestmain.o(i.main)
    tp_Init                                  0x00001279   Thumb Code    44  tp_transiver.o(i.tp_Init)
    tp_receiver                              0x000012b5   Thumb Code   284  tp_transiver.o(i.tp_receiver)
    tp_sender                                0x000013e1   Thumb Code   144  tp_transiver.o(i.tp_sender)
    uart_tpRecevFrame                        0x00001485   Thumb Code    28  uart.o(i.uart_tpRecevFrame)
    uart_tpSendFrame                         0x000014a1   Thumb Code    28  uart.o(i.uart_tpSendFrame)
    __aeabi_dadd                             0x000014bd   Thumb Code     0  daddsub_clz.o(x$fpl$dadd)
    _dadd                                    0x000014bd   Thumb Code   332  daddsub_clz.o(x$fpl$dadd)
    __aeabi_d2iz                             0x0000160d   Thumb Code     0  dfix.o(x$fpl$dfix)
    _dfix                                    0x0000160d   Thumb Code    94  dfix.o(x$fpl$dfix)
    __aeabi_ui2d                             0x0000166b   Thumb Code     0  dflt_clz.o(x$fpl$dfltu)
    _dfltu                                   0x0000166b   Thumb Code    38  dflt_clz.o(x$fpl$dfltu)
    __fpl_dnaninf                            0x00001691   Thumb Code   156  dnaninf.o(x$fpl$dnaninf)
    __fpl_dretinf                            0x0000172d   Thumb Code    12  dretinf.o(x$fpl$dretinf)
    __aeabi_dsub                             0x00001739   Thumb Code     0  daddsub_clz.o(x$fpl$dsub)
    _dsub                                    0x00001739   Thumb Code   464  daddsub_clz.o(x$fpl$dsub)
    _fp_init                                 0x0000190d   Thumb Code    10  fpinit.o(x$fpl$fpinit)
    __fplib_config_fpu_vfp                   0x00001915   Thumb Code     0  fpinit.o(x$fpl$fpinit)
    __fplib_config_pureend_doubles           0x00001915   Thumb Code     0  fpinit.o(x$fpl$fpinit)
    __I$use$fp                               0x00001916   Number         0  usenofp.o(x$fpl$usenofp)
    Region$$Table$$Base                      0x00001918   Number         0  anon$$obj.o(Region$$Table)
    Region$$Table$$Limit                     0x00001938   Number         0  anon$$obj.o(Region$$Table)
    count0                                   0x20000000   Data           4  uarttestmain.o(.data)
    count1                                   0x20000004   Data           4  uarttestmain.o(.data)
    count2                                   0x20000008   Data           4  uarttestmain.o(.data)
    count3                                   0x2000000c   Data           4  uarttestmain.o(.data)
    count4                                   0x20000010   Data           4  uarttestmain.o(.data)
    count5                                   0x20000014   Data           4  uarttestmain.o(.data)
    count6                                   0x20000018   Data           4  uarttestmain.o(.data)
    DataLen                                  0x2000001c   Data           1  uarttestmain.o(.data)
    ch                                       0x2000001d   Data           1  uarttestmain.o(.data)
    g_pfnVirualOLDVectors                    0x20000040   Data         428  nvicinterrupthandler.o(.data)
    g_pfnVirualVectors                       0x200001ec   Data         428  nvicinterrupthandler.o(.data)
    RunPt                                    0x20000398   Data           4  os.o(.data)
    numPeriodicEvents                        0x2000039c   Data           4  os.o(.data)
    PutI                                     0x200003a0   Data           4  os.o(.data)
    GetI                                     0x200003a4   Data           4  os.o(.data)
    CurrentSize                              0x200003a8   Data           4  os.o(.data)
    LostData                                 0x200003ac   Data           4  os.o(.data)
    PeriodicSemaphore0                       0x200003b0   Data           4  os.o(.data)
    Period0                                  0x200003b4   Data           4  os.o(.data)
    PeriodicSemaphore1                       0x200003b8   Data           4  os.o(.data)
    Period1                                  0x200003bc   Data           4  os.o(.data)
    edgeSemaphore                            0x200003c0   Data           4  os.o(.data)
    PeriodicTask                             0x200003cc   Data           4  os_cfg.o(.data)
    PeriodicTaskB                            0x200003d0   Data           4  os_cfg.o(.data)
    PeriodicTaskC                            0x200003d4   Data           4  os_cfg.o(.data)
    TxPutI                                   0x200003d8   Data           4  fifo_modi.o(.data)
    TxGetI                                   0x200003dc   Data           4  fifo_modi.o(.data)
    RxPutPt                                  0x200003e0   Data           4  fifo_modi.o(.data)
    RxGetPt                                  0x200003e4   Data           4  fifo_modi.o(.data)
    DataMain                                 0x200003e8   Data          40  uarttestmain.o(.bss)
    tcbs                                     0x20000410   Data         140  os.o(.bss)
    Stacks                                   0x2000049c   Data        2800  os.o(.bss)
    Fifo                                     0x20000f8c   Data          14  os.o(.bss)
    TxFifo                                   0x20000f9a   Data          50  fifo_modi.o(.bss)
    RxFifo                                   0x20000fcc   Data          50  fifo_modi.o(.bss)
    __libspace_start                         0x20001000   Data          96  libspace.o(.bss)
    __temporary_stack_top$libspace           0x20001060   Data           0  libspace.o(.bss)



==============================================================================

Memory Map of the image

  Image Entry point : 0x00000395

  Load Region LR_1 (Base: 0x00000000, Size: 0x00001d20, Max: 0xffffffff, ABSOLUTE, COMPRESSED[0x00001954])

    Execution Region ER_RO (Exec base: 0x00000000, Load base: 0x00000000, Size: 0x00001938, Max: 0xffffffff, ABSOLUTE)

    Exec Addr    Load Addr    Size         Type   Attr      Idx    E Section Name        Object

    0x00000000   0x00000000   0x0000026c   Data   RO          759    RESET               startup_tm4c123.o
    0x0000026c   0x0000026c   0x00000008   Code   RO          831  * !!!main             c_w.l(__main.o)
    0x00000274   0x00000274   0x00000034   Code   RO         1011    !!!scatter          c_w.l(__scatter.o)
    0x000002a8   0x000002a8   0x0000005a   Code   RO         1009    !!dczerorl2         c_w.l(__dczerorl2.o)
    0x00000302   0x00000302   0x00000002   PAD
    0x00000304   0x00000304   0x0000001c   Code   RO         1013    !!handler_zi        c_w.l(__scatter_zi.o)
    0x00000320   0x00000320   0x00000002   Code   RO          879    .ARM.Collect$$libinit$$00000000  c_w.l(libinit.o)
    0x00000322   0x00000322   0x00000004   Code   RO          885    .ARM.Collect$$libinit$$00000001  c_w.l(libinit2.o)
    0x00000326   0x00000326   0x00000000   Code   RO          888    .ARM.Collect$$libinit$$00000004  c_w.l(libinit2.o)
    0x00000326   0x00000326   0x00000000   Code   RO          891    .ARM.Collect$$libinit$$0000000A  c_w.l(libinit2.o)
    0x00000326   0x00000326   0x00000000   Code   RO          893    .ARM.Collect$$libinit$$0000000C  c_w.l(libinit2.o)
    0x00000326   0x00000326   0x00000000   Code   RO          895    .ARM.Collect$$libinit$$0000000E  c_w.l(libinit2.o)
    0x00000326   0x00000326   0x00000000   Code   RO          898    .ARM.Collect$$libinit$$00000011  c_w.l(libinit2.o)
    0x00000326   0x00000326   0x00000000   Code   RO          900    .ARM.Collect$$libinit$$00000013  c_w.l(libinit2.o)
    0x00000326   0x00000326   0x00000000   Code   RO          902    .ARM.Collect$$libinit$$00000015  c_w.l(libinit2.o)
    0x00000326   0x00000326   0x00000000   Code   RO          904    .ARM.Collect$$libinit$$00000017  c_w.l(libinit2.o)
    0x00000326   0x00000326   0x00000000   Code   RO          906    .ARM.Collect$$libinit$$00000019  c_w.l(libinit2.o)
    0x00000326   0x00000326   0x00000000   Code   RO          908    .ARM.Collect$$libinit$$0000001B  c_w.l(libinit2.o)
    0x00000326   0x00000326   0x00000000   Code   RO          910    .ARM.Collect$$libinit$$0000001D  c_w.l(libinit2.o)
    0x00000326   0x00000326   0x00000000   Code   RO          912    .ARM.Collect$$libinit$$0000001F  c_w.l(libinit2.o)
    0x00000326   0x00000326   0x00000000   Code   RO          914    .ARM.Collect$$libinit$$00000021  c_w.l(libinit2.o)
    0x00000326   0x00000326   0x00000000   Code   RO          916    .ARM.Collect$$libinit$$00000023  c_w.l(libinit2.o)
    0x00000326   0x00000326   0x00000000   Code   RO          918    .ARM.Collect$$libinit$$00000025  c_w.l(libinit2.o)
    0x00000326   0x00000326   0x00000000   Code   RO          922    .ARM.Collect$$libinit$$0000002C  c_w.l(libinit2.o)
    0x00000326   0x00000326   0x00000000   Code   RO          924    .ARM.Collect$$libinit$$0000002E  c_w.l(libinit2.o)
    0x00000326   0x00000326   0x00000000   Code   RO          926    .ARM.Collect$$libinit$$00000030  c_w.l(libinit2.o)
    0x00000326   0x00000326   0x00000000   Code   RO          928    .ARM.Collect$$libinit$$00000032  c_w.l(libinit2.o)
    0x00000326   0x00000326   0x00000002   Code   RO          929    .ARM.Collect$$libinit$$00000033  c_w.l(libinit2.o)
    0x00000328   0x00000328   0x00000002   Code   RO          949    .ARM.Collect$$libshutdown$$00000000  c_w.l(libshutdown.o)
    0x0000032a   0x0000032a   0x00000000   Code   RO          962    .ARM.Collect$$libshutdown$$00000002  c_w.l(libshutdown2.o)
    0x0000032a   0x0000032a   0x00000000   Code   RO          964    .ARM.Collect$$libshutdown$$00000004  c_w.l(libshutdown2.o)
    0x0000032a   0x0000032a   0x00000000   Code   RO          967    .ARM.Collect$$libshutdown$$00000007  c_w.l(libshutdown2.o)
    0x0000032a   0x0000032a   0x00000000   Code   RO          970    .ARM.Collect$$libshutdown$$0000000A  c_w.l(libshutdown2.o)
    0x0000032a   0x0000032a   0x00000000   Code   RO          972    .ARM.Collect$$libshutdown$$0000000C  c_w.l(libshutdown2.o)
    0x0000032a   0x0000032a   0x00000000   Code   RO          975    .ARM.Collect$$libshutdown$$0000000F  c_w.l(libshutdown2.o)
    0x0000032a   0x0000032a   0x00000002   Code   RO          976    .ARM.Collect$$libshutdown$$00000010  c_w.l(libshutdown2.o)
    0x0000032c   0x0000032c   0x00000000   Code   RO          849    .ARM.Collect$$rtentry$$00000000  c_w.l(__rtentry.o)
    0x0000032c   0x0000032c   0x00000000   Code   RO          856    .ARM.Collect$$rtentry$$00000002  c_w.l(__rtentry2.o)
    0x0000032c   0x0000032c   0x00000006   Code   RO          868    .ARM.Collect$$rtentry$$00000004  c_w.l(__rtentry4.o)
    0x00000332   0x00000332   0x00000000   Code   RO          858    .ARM.Collect$$rtentry$$00000009  c_w.l(__rtentry2.o)
    0x00000332   0x00000332   0x00000004   Code   RO          859    .ARM.Collect$$rtentry$$0000000A  c_w.l(__rtentry2.o)
    0x00000336   0x00000336   0x00000000   Code   RO          861    .ARM.Collect$$rtentry$$0000000C  c_w.l(__rtentry2.o)
    0x00000336   0x00000336   0x00000008   Code   RO          862    .ARM.Collect$$rtentry$$0000000D  c_w.l(__rtentry2.o)
    0x0000033e   0x0000033e   0x00000002   Code   RO          883    .ARM.Collect$$rtexit$$00000000  c_w.l(rtexit.o)
    0x00000340   0x00000340   0x00000000   Code   RO          931    .ARM.Collect$$rtexit$$00000002  c_w.l(rtexit2.o)
    0x00000340   0x00000340   0x00000004   Code   RO          932    .ARM.Collect$$rtexit$$00000003  c_w.l(rtexit2.o)
    0x00000344   0x00000344   0x00000006   Code   RO          933    .ARM.Collect$$rtexit$$00000004  c_w.l(rtexit2.o)
    0x0000034a   0x0000034a   0x00000002   PAD
    0x0000034c   0x0000034c   0x00000048   Code   RO          557    .text               osasm.o
    0x00000394   0x00000394   0x00000130   Code   RO          760  * .text               startup_tm4c123.o
    0x000004c4   0x000004c4   0x00000006   Code   RO          829    .text               c_w.l(heapauxi.o)
    0x000004ca   0x000004ca   0x0000004a   Code   RO          870    .text               c_w.l(sys_stackheap_outer.o)
    0x00000514   0x00000514   0x00000012   Code   RO          872    .text               c_w.l(exit.o)
    0x00000526   0x00000526   0x00000002   PAD
    0x00000528   0x00000528   0x00000008   Code   RO          880    .text               c_w.l(libspace.o)
    0x00000530   0x00000530   0x0000000c   Code   RO          941    .text               c_w.l(sys_exit.o)
    0x0000053c   0x0000053c   0x00000002   Code   RO          952    .text               c_w.l(use_no_semi.o)
    0x0000053e   0x0000053e   0x00000000   Code   RO          954    .text               c_w.l(indicate_semi.o)
    0x0000053e   0x0000053e   0x00000002   PAD
    0x00000540   0x00000540   0x0000003c   Code   RO          122    i.Check_Frame_type  tp_transiver.o
    0x0000057c   0x0000057c   0x00000010   Code   RO          247    i.GPIOA_Handler     nvicinterrupthandler.o
    0x0000058c   0x0000058c   0x00000010   Code   RO          248    i.GPIOB_Handler     nvicinterrupthandler.o
    0x0000059c   0x0000059c   0x00000010   Code   RO          249    i.GPIOC_Handler     nvicinterrupthandler.o
    0x000005ac   0x000005ac   0x00000010   Code   RO          250    i.GPIOD_Handler     nvicinterrupthandler.o
    0x000005bc   0x000005bc   0x00000010   Code   RO          251    i.GPIOE_Handler     nvicinterrupthandler.o
    0x000005cc   0x000005cc   0x00000010   Code   RO          252    i.GPIOF_Handler     nvicinterrupthandler.o
    0x000005dc   0x000005dc   0x0000001a   Code   RO          123    i.Get_remaing_frames_number  tp_transiver.o
    0x000005f6   0x000005f6   0x00000002   Code   RO          255    i.IntVirDefaultFun  nvicinterrupthandler.o
    0x000005f8   0x000005f8   0x00000104   Code   RO          330    i.OS_AddThreads     os.o
    0x000006fc   0x000006fc   0x0000000c   Code   RO          464    i.OS_Clock_GetFreq  os_cfg.o
    0x00000708   0x00000708   0x0000008c   Code   RO          465    i.OS_Clock_InitFastest  os_cfg.o
    0x00000794   0x00000794   0x0000002c   Code   RO          336    i.OS_Init           os.o
    0x000007c0   0x000007c0   0x00000012   Code   RO          337    i.OS_InitSemaphore  os.o
    0x000007d2   0x000007d2   0x00000002   PAD
    0x000007d4   0x000007d4   0x00000034   Code   RO          338    i.OS_Launch         os.o
    0x00000808   0x00000808   0x000000c0   Code   RO          466    i.OS_PeriodicTask_Init  os_cfg.o
    0x000008c8   0x000008c8   0x00000034   Code   RO          341    i.OS_Signal         os.o
    0x000008fc   0x000008fc   0x0000001c   Code   RO          342    i.OS_Sleep          os.o
    0x00000918   0x00000918   0x00000018   Code   RO          343    i.OS_Suspend        os.o
    0x00000930   0x00000930   0x0000002c   Code   RO          344    i.OS_Wait           os.o
    0x0000095c   0x0000095c   0x00000044   Code   RO          579    i.RxFifo_Get        fifo_modi.o
    0x000009a0   0x000009a0   0x00000028   Code   RO          580    i.RxFifo_Init       fifo_modi.o
    0x000009c8   0x000009c8   0x00000038   Code   RO          581    i.RxFifo_Put        fifo_modi.o
    0x00000a00   0x00000a00   0x00000034   Code   RO          582    i.RxFifo_Size       fifo_modi.o
    0x00000a34   0x00000a34   0x00000030   Code   RO          346    i.Scheduler         os.o
    0x00000a64   0x00000a64   0x00000150   Code   RO          347    i.SetInitialStack   os.o
    0x00000bb4   0x00000bb4   0x00000014   Code   RO          768    i.SystemInit        system_tm4c123.o
    0x00000bc8   0x00000bc8   0x00000060   Code   RO          126    i.TP_Receiver_TX_RX_Handler  tp_transiver.o
    0x00000c28   0x00000c28   0x00000060   Code   RO          127    i.TP_Sender_TX_RX_Handler  tp_transiver.o
    0x00000c88   0x00000c88   0x00000038   Code   RO          128    i.TP_UART_Default_Interrupt_Task  tp_transiver.o
    0x00000cc0   0x00000cc0   0x00000034   Code   RO            3    i.Task0             uarttestmain.o
    0x00000cf4   0x00000cf4   0x0000002c   Code   RO            4    i.Task1             uarttestmain.o
    0x00000d20   0x00000d20   0x00000014   Code   RO            5    i.Task2             uarttestmain.o
    0x00000d34   0x00000d34   0x00000014   Code   RO            6    i.Task3             uarttestmain.o
    0x00000d48   0x00000d48   0x00000014   Code   RO            7    i.Task4             uarttestmain.o
    0x00000d5c   0x00000d5c   0x00000014   Code   RO            8    i.Task5             uarttestmain.o
    0x00000d70   0x00000d70   0x00000014   Code   RO            9    i.Task6             uarttestmain.o
    0x00000d84   0x00000d84   0x0000003c   Code   RO          583    i.TxFifo_Get        fifo_modi.o
    0x00000dc0   0x00000dc0   0x00000024   Code   RO          584    i.TxFifo_Init       fifo_modi.o
    0x00000de4   0x00000de4   0x0000003c   Code   RO          585    i.TxFifo_Put        fifo_modi.o
    0x00000e20   0x00000e20   0x00000018   Code   RO          586    i.TxFifo_Size       fifo_modi.o
    0x00000e38   0x00000e38   0x00000010   Code   RO          256    i.UART0_Handler     nvicinterrupthandler.o
    0x00000e48   0x00000e48   0x00000014   Code   RO          641    i.UART_InChar       uart.o
    0x00000e5c   0x00000e5c   0x00000124   Code   RO          645    i.UART_Init         uart.o
    0x00000f80   0x00000f80   0x00000034   Code   RO          646    i.UART_OutChar      uart.o
    0x00000fb4   0x00000fb4   0x0000001a   Code   RO          648    i.UART_OutStringLen  uart.o
    0x00000fce   0x00000fce   0x00000002   PAD
    0x00000fd0   0x00000fd0   0x00000018   Code   RO          475    i.WTIMER3A_Handler  os_cfg.o
    0x00000fe8   0x00000fe8   0x00000018   Code   RO          476    i.WTIMER4A_Handler  os_cfg.o
    0x00001000   0x00001000   0x00000018   Code   RO          477    i.WTIMER5A_Handler  os_cfg.o
    0x00001018   0x00001018   0x00000028   Code   RO          653    i.copyHardwareToSoftware  uart.o
    0x00001040   0x00001040   0x0000002c   Code   RO          654    i.copySoftwareToHardware  uart.o
    0x0000106c   0x0000106c   0x00000018   Code   RO          257    i.deInstallNIVCISRFunction  nvicinterrupthandler.o
    0x00001084   0x00001084   0x00000010   Code   RO          129    i.generate_BS_decision  tp_transiver.o
    0x00001094   0x00001094   0x0000001c   Code   RO          258    i.installNIVCISRFunction  nvicinterrupthandler.o
    0x000010b0   0x000010b0   0x00000068   Code   RO           10    i.main              uarttestmain.o
    0x00001118   0x00001118   0x00000038   Code   RO          348    i.runperiodicevents  os.o
    0x00001150   0x00001150   0x0000002e   Code   RO          130    i.send_Control_Frame  tp_transiver.o
    0x0000117e   0x0000117e   0x00000002   PAD
    0x00001180   0x00001180   0x00000098   Code   RO          131    i.send_cons_frame   tp_transiver.o
    0x00001218   0x00001218   0x00000038   Code   RO          132    i.send_first_frame  tp_transiver.o
    0x00001250   0x00001250   0x00000028   Code   RO          133    i.send_single_frame  tp_transiver.o
    0x00001278   0x00001278   0x0000003c   Code   RO          134    i.tp_Init           tp_transiver.o
    0x000012b4   0x000012b4   0x0000012c   Code   RO          135    i.tp_receiver       tp_transiver.o
    0x000013e0   0x000013e0   0x000000a4   Code   RO          136    i.tp_sender         tp_transiver.o
    0x00001484   0x00001484   0x0000001c   Code   RO          655    i.uart_tpRecevFrame  uart.o
    0x000014a0   0x000014a0   0x0000001c   Code   RO          656    i.uart_tpSendFrame  uart.o
    0x000014bc   0x000014bc   0x00000150   Code   RO          833    x$fpl$dadd          fz_wm.l(daddsub_clz.o)
    0x0000160c   0x0000160c   0x0000005e   Code   RO          839    x$fpl$dfix          fz_wm.l(dfix.o)
    0x0000166a   0x0000166a   0x00000026   Code   RO          843    x$fpl$dfltu         fz_wm.l(dflt_clz.o)
    0x00001690   0x00001690   0x0000009c   Code   RO          850    x$fpl$dnaninf       fz_wm.l(dnaninf.o)
    0x0000172c   0x0000172c   0x0000000c   Code   RO          852    x$fpl$dretinf       fz_wm.l(dretinf.o)
    0x00001738   0x00001738   0x000001d4   Code   RO          835    x$fpl$dsub          fz_wm.l(daddsub_clz.o)
    0x0000190c   0x0000190c   0x0000000a   Code   RO          939    x$fpl$fpinit        fz_wm.l(fpinit.o)
    0x00001916   0x00001916   0x00000000   Code   RO          854    x$fpl$usenofp       fz_wm.l(usenofp.o)
    0x00001916   0x00001916   0x00000002   PAD
    0x00001918   0x00001918   0x00000020   Data   RO         1007    Region$$Table       anon$$obj.o


    Execution Region ER_RW (Exec base: 0x20000000, Load base: 0x00001938, Size: 0x000003e8, Max: 0xffffffff, ABSOLUTE, COMPRESSED[0x0000001c])

    Exec Addr    Load Addr    Size         Type   Attr      Idx    E Section Name        Object

    0x20000000   COMPRESSED   0x0000001e   Data   RW           12    .data               uarttestmain.o
    0x2000001e   COMPRESSED   0x00000002   PAD
    0x20000020   COMPRESSED   0x0000001e   Data   RW          137    .data               tp_transiver.o
    0x2000003e   COMPRESSED   0x00000002   PAD
    0x20000040   COMPRESSED   0x00000358   Data   RW          259    .data               nvicinterrupthandler.o
    0x20000398   COMPRESSED   0x00000030   Data   RW          350    .data               os.o
    0x200003c8   COMPRESSED   0x00000010   Data   RW          478    .data               os_cfg.o
    0x200003d8   COMPRESSED   0x00000010   Data   RW          588    .data               fifo_modi.o


    Execution Region ER_ZI (Exec base: 0x200003e8, Load base: 0x00001954, Size: 0x00000f78, Max: 0xffffffff, ABSOLUTE)

    Exec Addr    Load Addr    Size         Type   Attr      Idx    E Section Name        Object

    0x200003e8        -       0x00000028   Zero   RW           11    .bss                uarttestmain.o
    0x20000410        -       0x00000b8a   Zero   RW          349    .bss                os.o
    0x20000f9a        -       0x00000064   Zero   RW          587    .bss                fifo_modi.o
    0x20000ffe   0x00001954   0x00000002   PAD
    0x20001000        -       0x00000060   Zero   RW          881    .bss                c_w.l(libspace.o)
    0x20001060        -       0x00000000   Zero   RW          758    HEAP                startup_tm4c123.o
    0x20001060        -       0x00000300   Zero   RW          757    STACK               startup_tm4c123.o


==============================================================================

Image component sizes


      Code (inc. data)   RO Data    RW Data    ZI Data      Debug   Object Name

       396         94          0         16        100       5826   fifo_modi.o
       166         60          0        856          0       5962   nvicinterrupthandler.o
       962         68          0         48       2954       8996   os.o
       416         74          0         16          0       4065   os_cfg.o
        72          4          0          0          0        304   osasm.o
       304         26        620          0        768       5512   startup_tm4c123.o
        20          6          0          0          0        521   system_tm4c123.o
      1168         94          0         30          0      13579   tp_transiver.o
       530         52          0          0          0       5082   uart.o
       300         94          0         30         40       9650   uarttestmain.o

    ----------------------------------------------------------------------
      4340        572        652       1000       3864      59497   Object Totals
         0          0         32          0          0          0   (incl. Generated)
         6          0          0          4          2          0   (incl. Padding)

    ----------------------------------------------------------------------

      Code (inc. data)   RO Data    RW Data    ZI Data      Debug   Library Member Name

        90          0          0          0          0          0   __dczerorl2.o
         8          0          0          0          0         68   __main.o
         0          0          0          0          0          0   __rtentry.o
        12          0          0          0          0          0   __rtentry2.o
         6          0          0          0          0          0   __rtentry4.o
        52          8          0          0          0          0   __scatter.o
        28          0          0          0          0          0   __scatter_zi.o
        18          0          0          0          0         80   exit.o
         6          0          0          0          0        152   heapauxi.o
         0          0          0          0          0          0   indicate_semi.o
         2          0          0          0          0          0   libinit.o
         6          0          0          0          0          0   libinit2.o
         2          0          0          0          0          0   libshutdown.o
         2          0          0          0          0          0   libshutdown2.o
         8          4          0          0         96         68   libspace.o
         2          0          0          0          0          0   rtexit.o
        10          0          0          0          0          0   rtexit2.o
        12          4          0          0          0         68   sys_exit.o
        74          0          0          0          0         80   sys_stackheap_outer.o
         2          0          0          0          0         68   use_no_semi.o
       804         16          0          0          0        368   daddsub_clz.o
        94          4          0          0          0        140   dfix.o
        38          0          0          0          0        116   dflt_clz.o
       156          4          0          0          0        140   dnaninf.o
        12          0          0          0          0        116   dretinf.o
        10          0          0          0          0        116   fpinit.o
         0          0          0          0          0          0   usenofp.o

    ----------------------------------------------------------------------
      1464         40          0          0         96       1580   Library Totals
        10          0          0          0          0          0   (incl. Padding)

    ----------------------------------------------------------------------

      Code (inc. data)   RO Data    RW Data    ZI Data      Debug   Library Name

       340         16          0          0         96        584   c_w.l
      1114         24          0          0          0        996   fz_wm.l

    ----------------------------------------------------------------------
      1464         40          0          0         96       1580   Library Totals

    ----------------------------------------------------------------------

==============================================================================


      Code (inc. data)   RO Data    RW Data    ZI Data      Debug   

      5804        612        652       1000       3960      54421   Grand Totals
      5804        612        652         28       3960      54421   ELF Image Totals (compressed)
      5804        612        652         28          0          0   ROM Totals

==============================================================================

    Total RO  Size (Code + RO Data)                 6456 (   6.30kB)
    Total RW  Size (RW Data + ZI Data)              4960 (   4.84kB)
    Total ROM Size (Code + RO Data + RW Data)       6484 (   6.33kB)

==============================================================================

